Component: ARM Compiler 5.06 update 6 (build 750) Tool: armlink [4d35ed]

==============================================================================

Section Cross References

    main.o(.text) refers to misc.o(.text) for NVIC_PriorityGroupConfig
    main.o(.text) refers to usart.o(.text) for uart_init
    main.o(.text) refers to delay.o(.text) for delay_init
    main.o(.text) refers to lcd.o(.text) for LCD_Init
    main.o(.text) refers to key.o(.text) for MyusartInit2
    main.o(.text) refers to led.o(.text) for LED_Init
    main.o(.text) refers to can.o(.text) for CAN1_Mode_Init
    main.o(.text) refers to timer.o(.text) for chassis_init
    main.o(.text) refers to stm32f10x_it.o(.text) for cycleCounterInit
    main.o(.text) refers to fleqf.o(x$fpl$fleqf) for __aeabi_cfcmple
    main.o(.text) refers to ffixu.o(x$fpl$ffixu) for __aeabi_f2uiz
    main.o(.text) refers to move_base.o(.text) for clock_wise_close_LargeToSmall
    main.o(.text) refers to stm32f10x_gpio.o(.text) for GPIO_ReadInputDataBit
    main.o(.text) refers to timer.o(.bss) for chassis_move
    main.o(.text) refers to main.o(.data) for laser_l
    stm32f10x_it.o(.text) refers to stm32f10x_rcc.o(.text) for RCC_GetClocksFreq
    stm32f10x_it.o(.text) refers to stm32f10x_it.o(.data) for sysTickUptime
    system_stm32f10x.o(.text) refers to system_stm32f10x.o(.data) for SystemCoreClock
    key.o(.text) refers to stm32f10x_rcc.o(.text) for RCC_APB2PeriphClockCmd
    key.o(.text) refers to stm32f10x_gpio.o(.text) for GPIO_Init
    key.o(.text) refers to stm32f10x_usart.o(.text) for USART_Init
    key.o(.text) refers to misc.o(.text) for NVIC_Init
    key.o(.text) refers to fflt_clz.o(x$fpl$ffltu) for __aeabi_ui2f
    key.o(.text) refers to fflt_clz.o(x$fpl$fflt) for __aeabi_i2f
    key.o(.text) refers to fdiv.o(x$fpl$fdiv) for __aeabi_fdiv
    key.o(.text) refers to key.o(.bss) for rebuf_laser
    key.o(.text) refers to key.o(.data) for n
    point2point.o(.text) refers to faddsub_clz.o(x$fpl$fadd) for __aeabi_fadd
    point2point.o(.text) refers to frleqf.o(x$fpl$frleqf) for __aeabi_cfrcmple
    point2point.o(.text) refers to faddsub_clz.o(x$fpl$fsub) for __aeabi_fsub
    point2point.o(.text) refers to fleqf.o(x$fpl$fleqf) for __aeabi_cfcmple
    point2point.o(.text) refers to move_base.o(.text) for VelCrl
    point2point.o(.text) refers to fmul.o(x$fpl$fmul) for __aeabi_fmul
    point2point.o(.text) refers to f2d.o(x$fpl$f2d) for __aeabi_f2d
    point2point.o(.text) refers to tan.o(i.tan) for tan
    point2point.o(.text) refers to d2f.o(x$fpl$d2f) for __aeabi_d2f
    point2point.o(.text) refers to fdiv.o(x$fpl$fdiv) for __aeabi_fdiv
    point2point.o(.text) refers to atan2f.o(i.atan2f) for atan2f
    point2point.o(.text) refers to sqrt.o(i.sqrt) for sqrt
    point2point.o(.text) refers to ffix.o(x$fpl$ffix) for __aeabi_f2iz
    point2point.o(.text) refers to sqrtf.o(i.sqrtf) for sqrtf
    point2point.o(.text) refers to point2point.o(.data) for s_angleErrOld
    pid.o(.text) refers to faddsub_clz.o(x$fpl$fsub) for __aeabi_fsub
    pid.o(.text) refers to fmul.o(x$fpl$fmul) for __aeabi_fmul
    pid.o(.text) refers to faddsub_clz.o(x$fpl$fadd) for __aeabi_fadd
    pid.o(.text) refers to frleqf.o(x$fpl$frleqf) for __aeabi_cfrcmple
    pid.o(.text) refers to faddsub_clz.o(x$fpl$frsb) for __aeabi_frsub
    pid.o(.text) refers to f2d.o(x$fpl$f2d) for __aeabi_f2d
    pid.o(.text) refers to dmul.o(x$fpl$dmul) for __aeabi_dmul
    pid.o(.text) refers to drleqf.o(x$fpl$drleqf) for __aeabi_cdrcmple
    pid.o(.text) refers to dleqf.o(x$fpl$dleqf) for __aeabi_cdcmple
    can.o(.text) refers to stm32f10x_rcc.o(.text) for RCC_APB1PeriphClockCmd
    can.o(.text) refers to stm32f10x_gpio.o(.text) for GPIO_Init
    can.o(.text) refers to stm32f10x_can.o(.text) for CAN_Init
    can.o(.text) refers to misc.o(.text) for NVIC_Init
    lcd.o(.text) refers to _printf_percent.o(.ARM.Collect$$_printf_percent$$00000000) for _printf_percent
    lcd.o(.text) refers to _printf_x.o(.ARM.Collect$$_printf_percent$$0000000C) for _printf_x
    lcd.o(.text) refers to _printf_hex_int.o(.text) for _printf_longlong_hex
    lcd.o(.text) refers to delay.o(.text) for delay_us
    lcd.o(.text) refers to lcd.o(.bss) for lcddev
    lcd.o(.text) refers to dflt_clz.o(x$fpl$dfltu) for __aeabi_ui2d
    lcd.o(.text) refers to dmul.o(x$fpl$dmul) for __aeabi_dmul
    lcd.o(.text) refers to dfixu.o(x$fpl$dfixu) for __aeabi_d2uiz
    lcd.o(.text) refers to lcd.o(.data) for POINT_COLOR
    lcd.o(.text) refers to stm32f10x_rcc.o(.text) for RCC_APB2PeriphClockCmd
    lcd.o(.text) refers to stm32f10x_gpio.o(.text) for GPIO_PinRemapConfig
    lcd.o(.text) refers to noretval__2printf.o(.text) for __2printf
    lcd.o(.text) refers to lcd.o(.constdata) for asc2_1206
    move_base.o(.text) refers to fflt_clz.o(x$fpl$fflt) for __aeabi_i2f
    move_base.o(.text) refers to frleqf.o(x$fpl$frleqf) for __aeabi_cfrcmple
    move_base.o(.text) refers to fleqf.o(x$fpl$fleqf) for __aeabi_cfcmple
[...]

    Global Symbols

    Symbol Name                              Value     Ov Type        Size  Object(Section)

    BuildAttributes$$THM_ISAv4$P$D$K$B$S$PE$A:L22UL41UL21$X:L11$S22US41US21$IEEE1$IW$USESV6$~STKCKD$USESV7$~SHL$OTIME$ROPI$IEEEX$EBA8$UX$STANDARDLIB$REQ8$PRES8$EABIv2 0x00000000   Number         0  anon$$obj.o ABSOLUTE
    __ARM_use_no_argv                        0x00000000   Number         0  main.o ABSOLUTE
    __ARM_exceptions_init                     - Undefined Weak Reference
    __alloca_initialize                       - Undefined Weak Reference
    __arm_preinit_                            - Undefined Weak Reference
    __cpp_initialize__aeabi_                  - Undefined Weak Reference
    __cxa_finalize                            - Undefined Weak Reference
    __rt_locale                               - Undefined Weak Reference
    __sigvec_lookup                           - Undefined Weak Reference
    _atexit_init                              - Undefined Weak Reference
    _call_atexit_fns                          - Undefined Weak Reference
    _clock_init                               - Undefined Weak Reference
    _fp_trap_init                             - Undefined Weak Reference
    _fp_trap_shutdown                         - Undefined Weak Reference
    _get_lc_collate                           - Undefined Weak Reference
    _get_lc_ctype                             - Undefined Weak Reference
    _get_lc_monetary                          - Undefined Weak Reference
    _get_lc_numeric                           - Undefined Weak Reference
    _get_lc_time                              - Undefined Weak Reference
    _getenv_init                              - Undefined Weak Reference
    _handle_redirection                       - Undefined Weak Reference
    _init_alloc                               - Undefined Weak Reference
    _init_user_alloc                          - Undefined Weak Reference
    _initio                                   - Undefined Weak Reference
    _mutex_acquire                            - Undefined Weak Reference
    _mutex_release                            - Undefined Weak Reference
    _printf_post_padding                      - Undefined Weak Reference
    _printf_pre_padding                       - Undefined Weak Reference
    _printf_truncate_unsigned                 - Undefined Weak Reference
    _rand_init                                - Undefined Weak Reference
    _signal_finish                            - Undefined Weak Reference
    _signal_init                              - Undefined Weak Reference
    _terminate_alloc                          - Undefined Weak Reference
    _terminate_user_alloc                     - Undefined Weak Reference
    _terminateio                              - Undefined Weak Reference
    __Vectors_Size                           0x00000130   Number         0  startup_stm32f10x_hd.o ABSOLUTE
    __Vectors                                0x08000000   Data           4  startup_stm32f10x_hd.o(RESET)
    __Vectors_End                            0x08000130   Data           0  startup_stm32f10x_hd.o(RESET)
    __main                                   0x08000131   Thumb Code     8  __main.o(!!!main)
    __scatterload                            0x08000139   Thumb Code     0  __scatter.o(!!!scatter)
    __scatterload_rt2                        0x08000139   Thumb Code    44  __scatter.o(!!!scatter)
    __scatterload_rt2_thumb_only             0x08000139   Thumb Code     0  __scatter.o(!!!scatter)
    __scatterload_null                       0x08000147   Thumb Code     0  __scatter.o(!!!scatter)
    __scatterload_copy                       0x0800016d   Thumb Code    26  __scatter_copy.o(!!handler_copy)
    __scatterload_zeroinit                   0x08000189   Thumb Code    28  __scatter_zi.o(!!handler_zi)
    _printf_percent                          0x080001a5   Thumb Code     0  _printf_percent.o(.ARM.Collect$$_printf_percent$$00000000)
    _printf_x                                0x080001a5   Thumb Code     0  _printf_x.o(.ARM.Collect$$_printf_percent$$0000000C)
    _printf_percent_end                      0x080001ab   Thumb Code     0  _printf_percent_end.o(.ARM.Collect$$_printf_percent$$00000017)
    __rt_lib_init                            0x080001af   Thumb Code     0  libinit.o(.ARM.Collect$$libinit$$00000000)
    __rt_lib_init_alloca_1                   0x080001b1   Thumb Code     0  libinit2.o(.ARM.Collect$$libinit$$0000002E)
    __rt_lib_init_argv_1                     0x080001b1   Thumb Code     0  libinit2.o(.ARM.Collect$$libinit$$0000002C)
    __rt_lib_init_atexit_1                   0x080001b1   Thumb Code     0  libinit2.o(.ARM.Collect$$libinit$$0000001B)
    __rt_lib_init_clock_1                    0x080001b1   Thumb Code     0  libinit2.o(.ARM.Collect$$libinit$$00000021)
    __rt_lib_init_cpp_1                      0x080001b1   Thumb Code     0  libinit2.o(.ARM.Collect$$libinit$$00000032)
    __rt_lib_init_exceptions_1               0x080001b1   Thumb Code     0  libinit2.o(.ARM.Collect$$libinit$$00000030)
    __rt_lib_init_fp_1                       0x080001b1   Thumb Code     0  libinit2.o(.ARM.Collect$$libinit$$00000002)
    __rt_lib_init_fp_trap_1                  0x080001b1   Thumb Code     0  libinit2.o(.ARM.Collect$$libinit$$0000001F)
    __rt_lib_init_getenv_1                   0x080001b1   Thumb Code     0  libinit2.o(.ARM.Collect$$libinit$$00000023)
    __rt_lib_init_heap_1                     0x080001b1   Thumb Code     0  libinit2.o(.ARM.Collect$$libinit$$0000000A)
    __rt_lib_init_lc_collate_1               0x080001b1   Thumb Code     0  libinit2.o(.ARM.Collect$$libinit$$00000011)
    __rt_lib_init_lc_ctype_1                 0x080001b1   Thumb Code     0  libinit2.o(.ARM.Collect$$libinit$$00000013)
    __rt_lib_init_lc_monetary_1              0x080001b1   Thumb Code     0  libinit2.o(.ARM.Collect$$libinit$$00000015)
    __rt_lib_init_lc_numeric_1               0x080001b1   Thumb Code     0  libinit2.o(.ARM.Collect$$libinit$$00000017)
    __rt_lib_init_lc_time_1                  0x080001b1   Thumb Code     0  libinit2.o(.ARM.Collect$$libinit$$00000019)
    __rt_lib_init_preinit_1                  0x080001b1   Thumb Code     0  libinit2.o(.ARM.Collect$$libinit$$00000004)
    __rt_lib_init_rand_1                     0x080001b1   Thumb Code     0  libinit2.o(.ARM.Collect$$libinit$$0000000E)
    __rt_lib_init_return                     0x080001b1   Thumb Code     0  libinit2.o(.ARM.Collect$$libinit$$00000033)
    __rt_lib_init_signal_1                   0x080001b1   Thumb Code     0  libinit2.o(.ARM.Collect$$libinit$$0000001D)
    __rt_lib_init_stdio_1                    0x080001b1   Thumb Code     0  libinit2.o(.ARM.Collect$$libinit$$00000025)
    __rt_lib_init_user_alloc_1               0x080001b1   Thumb Code     0  libinit2.o(.ARM.Collect$$libinit$$0000000C)
    __rt_lib_shutdown                        0x080001b3   Thumb Code     0  libshutdown.o(.ARM.Collect$$libshutdown$$00000000)
    __rt_lib_shutdown_cpp_1                  0x080001b5   Thumb Code     0  libshutdown2.o(.ARM.Collect$$libshutdown$$00000002)
    __rt_lib_shutdown_fp_trap_1              0x080001b5   Thumb Code     0  libshutdown2.o(.ARM.Collect$$libshutdown$$00000007)
    __rt_lib_shutdown_heap_1                 0x080001b5   Thumb Code     0  libshutdown2.o(.ARM.Collect$$libshutdown$$0000000F)
    __rt_lib_shutdown_return                 0x080001b5   Thumb Code     0  libshutdown2.o(.ARM.Collect$$libshutdown$$00000010)
    __rt_lib_shutdown_signal_1               0x080001b5   Thumb Code     0  libshutdown2.o(.ARM.Collect$$libshutdown$$0000000A)
    __rt_lib_shutdown_stdio_1                0x080001b5   Thumb Code     0  libshutdown2.o(.ARM.Collect$$libshutdown$$00000004)
    __rt_lib_shutdown_user_alloc_1           0x080001b5   Thumb Code     0  libshutdown2.o(.ARM.Collect$$libshutdown$$0000000C)
    __rt_entry                               0x080001b7   Thumb Code     0  __rtentry.o(.ARM.Collect$$rtentry$$00000000)
    __rt_entry_presh_1                       0x080001b7   Thumb Code     0  __rtentry2.o(.ARM.Collect$$rtentry$$00000002)
    __rt_entry_sh                            0x080001b7   Thumb Code     0  __rtentry4.o(.ARM.Collect$$rtentry$$00000004)
    __rt_entry_li                            0x080001bd   Thumb Code     0  __rtentry2.o(.ARM.Collect$$rtentry$$0000000A)
    __rt_entry_postsh_1                      0x080001bd   Thumb Code     0  __rtentry2.o(.ARM.Collect$$rtentry$$00000009)
    __rt_entry_main                          0x080001c1   Thumb Code     0  __rtentry2.o(.ARM.Collect$$rtentry$$0000000D)
    __rt_entry_postli_1                      0x080001c1   Thumb Code     0  __rtentry2.o(.ARM.Collect$$rtentry$$0000000C)
    __rt_exit                                0x080001c9   Thumb Code     0  rtexit.o(.ARM.Collect$$rtexit$$00000000)
    __rt_exit_ls                             0x080001cb   Thumb Code     0  rtexit2.o(.ARM.Collect$$rtexit$$00000003)
    __rt_exit_prels_1                        0x080001cb   Thumb Code     0  rtexit2.o(.ARM.Collect$$rtexit$$00000002)
    __rt_exit_exit                           0x080001cf   Thumb Code     0  rtexit2.o(.ARM.Collect$$rtexit$$00000004)
    main                                     0x080001d5   Thumb Code  1250  main.o(.text)
    NMI_Handler                              0x080006c5   Thumb Code     2  stm32f10x_it.o(.text)
    HardFault_Handler                        0x080006c7   Thumb Code     4  stm32f10x_it.o(.text)
    MemManage_Handler                        0x080006cb   Thumb Code     4  stm32f10x_it.o(.text)
    BusFault_Handler                         0x080006cf   Thumb Code     4  stm32f10x_it.o(.text)
    UsageFault_Handler                       0x080006d3   Thumb Code     4  stm32f10x_it.o(.text)
    SVC_Handler                              0x080006d7   Thumb Code     2  stm32f10x_it.o(.text)
    DebugMon_Handler                         0x080006d9   Thumb Code     2  stm32f10x_it.o(.text)
    PendSV_Handler                           0x080006db   Thumb Code     2  stm32f10x_it.o(.text)
    SysTick_Handler                          0x080006dd   Thumb Code    12  stm32f10x_it.o(.text)
    cycleCounterInit                         0x080006e9   Thumb Code   102  stm32f10x_it.o(.text)
    millis                                   0x0800074f   Thumb Code     6  stm32f10x_it.o(.text)
    SystemInit                               0x08000847   Thumb Code    78  system_stm32f10x.o(.text)
    SystemCoreClockUpdate                    0x08000895   Thumb Code   142  system_stm32f10x.o(.text)
    button_init                              0x08000949   Thumb Code    74  key.o(.text)
    MyusartInit2                             0x08000993   Thumb Code   162  key.o(.text)
    MyusartInit5                             0x08000a35   Thumb Code   156  key.o(.text)
    USART2_IRQHandler                        0x08000ad1   Thumb Code   166  key.o(.text)
    git_Begin_Run                            0x08000b77   Thumb Code     6  key.o(.text)
    git_SideNumber1                          0x08000b7d   Thumb Code     6  key.o(.text)
    git_SideNumber2                          0x08000b83   Thumb Code     6  key.o(.text)
    Laser_Left                               0x08000b89   Thumb Code     6  key.o(.text)
    ConvertTo32                              0x08000b8f   Thumb Code    56  key.o(.text)
    UART5_IRQHandler                         0x08000bc7   Thumb Code   168  key.o(.text)
    GetPosX                                  0x08000c6f   Thumb Code    14  key.o(.text)
    GetPosY                                  0x08000c7d   Thumb Code    14  key.o(.text)
    GetAngle                                 0x08000c8b   Thumb Code    22  key.o(.text)
    UART5_Send_Byte                          0x08000ca1   Thumb Code    28  key.o(.text)
    UART5_Send_String                        0x08000cbd   Thumb Code    22  key.o(.text)
    clear                                    0x08000cd3   Thumb Code    30  key.o(.text)
    UART2_Send_Byte                          0x08000cf1   Thumb Code    28  key.o(.text)
    CcltAngleSub                             0x08000dbb   Thumb Code    62  point2point.o(.text)
    Point2Ponit_Deinit                       0x08000ed3   Thumb Code     8  point2point.o(.text)
    MvByLine                                 0x08000fbd   Thumb Code   214  point2point.o(.text)
    PID_Init                                 0x080010bd   Thumb Code    54  pid.o(.text)
    PID_para_init                            0x080010f3   Thumb Code    14  pid.o(.text)
    PID_Calc                                 0x08001101   Thumb Code   352  pid.o(.text)
    PID_motor_Calc                           0x08001261   Thumb Code   448  pid.o(.text)
    PID_clear                                0x08001421   Thumb Code    36  pid.o(.text)
    CAN1_Mode_Init                           0x0800144d   Thumb Code   238  can.o(.text)
    LCD_WR_REG                               0x08001545   Thumb Code    28  lcd.o(.text)
    LCD_WR_DATAX                             0x08001561   Thumb Code    28  lcd.o(.text)
    LCD_RD_DATA                              0x0800157d   Thumb Code    98  lcd.o(.text)
    LCD_WriteReg                             0x080015df   Thumb Code    40  lcd.o(.text)
    LCD_ReadReg                              0x08001607   Thumb Code    16  lcd.o(.text)
    LCD_WriteRAM_Prepare                     0x08001617   Thumb Code    12  lcd.o(.text)
    LCD_WriteRAM                             0x08001623   Thumb Code    28  lcd.o(.text)
    LCD_BGR2RGB                              0x0800163f   Thumb Code    26  lcd.o(.text)
    opt_delay                                0x08001659   Thumb Code    14  lcd.o(.text)
    LCD_SetCursor                            0x08001667   Thumb Code   956  lcd.o(.text)
    LCD_ReadPoint                            0x08001a23   Thumb Code   506  lcd.o(.text)
    LCD_DisplayOn                            0x08001c1d   Thumb Code    92  lcd.o(.text)
    LCD_DisplayOff                           0x08001c79   Thumb Code    90  lcd.o(.text)
    LCD_Scan_Dir                             0x08001cd3   Thumb Code  1126  lcd.o(.text)
    LCD_DrawPoint                            0x08002139   Thumb Code    52  lcd.o(.text)
    LCD_Fast_DrawPoint                       0x0800216d   Thumb Code   854  lcd.o(.text)
    LCD_SSD_BackLightSet                     0x080024c3   Thumb Code   220  lcd.o(.text)
    LCD_Display_Dir                          0x0800259f   Thumb Code   444  lcd.o(.text)
    LCD_Set_Window                           0x0800275b   Thumb Code  1078  lcd.o(.text)
    LCD_Clear                                0x08002b91   Thumb Code   122  lcd.o(.text)
    LCD_Init                                 0x08002c0b   Thumb Code 15298  lcd.o(.text)
    LCD_Fill                                 0x080067cd   Thumb Code   200  lcd.o(.text)
    LCD_Color_Fill                           0x08006895   Thumb Code   116  lcd.o(.text)
    LCD_DrawLine                             0x08006909   Thumb Code   176  lcd.o(.text)
    LCD_DrawRectangle                        0x080069b9   Thumb Code    60  lcd.o(.text)
    LCD_Draw_Circle                          0x080069f5   Thumb Code   152  lcd.o(.text)
    LCD_ShowChar                             0x08006a8d   Thumb Code   272  lcd.o(.text)
    LCD_Pow                                  0x08006b9d   Thumb Code    22  lcd.o(.text)
    LCD_ShowNum                              0x08006bb3   Thumb Code   180  lcd.o(.text)
    LCD_ShowxNum                             0x08006c67   Thumb Code   190  lcd.o(.text)
    LCD_ShowString                           0x08006d25   Thumb Code   102  lcd.o(.text)
    motorCMD                                 0x08006d8d   Thumb Code    96  move_base.o(.text)
    motor_back_CMD                           0x08006ded   Thumb Code    96  move_base.o(.text)
    ps2_move                                 0x08006e4d   Thumb Code   302  move_base.o(.text)
    walk_point                               0x08006f7b   Thumb Code   610  move_base.o(.text)
    set_point                                0x080071dd   Thumb Code    40  move_base.o(.text)
    DistancePid                              0x08007205   Thumb Code    48  move_base.o(.text)
    Distance_Arc_Pid                         0x08007235   Thumb Code    36  move_base.o(.text)
    AnglePid                                 0x08007259   Thumb Code    94  move_base.o(.text)
    back_Turn                                0x080072b7   Thumb Code    82  move_base.o(.text)
    Back_Side                                0x08007309   Thumb Code    54  move_base.o(.text)
    move_to_pos                              0x0800733f   Thumb Code   172  move_base.o(.text)
    minimum_Turn                             0x080073eb   Thumb Code    64  move_base.o(.text)
    forward_Turn                             0x0800742b   Thumb Code    82  move_base.o(.text)
    straightLine                             0x0800747d   Thumb Code   722  move_base.o(.text)
    closeRound                               0x0800774f   Thumb Code   894  move_base.o(.text)
    clock_wise_close_LargeToSmall            0x08007acd   Thumb Code  1512  move_base.o(.text)
    VelCrl                                   0x080080b5   Thumb Code    28  move_base.o(.text)
    give_motor1                              0x08008129   Thumb Code     6  timer.o(.text)
    give_motor2                              0x0800812f   Thumb Code     6  timer.o(.text)
    TIM2_Init                                0x08008135   Thumb Code    92  timer.o(.text)
    TIM3_Init                                0x08008191   Thumb Code    90  timer.o(.text)
    TIM4_Init                                0x080081eb   Thumb Code    98  timer.o(.text)
    TIM2_IRQHandler                          0x0800824d   Thumb Code   168  timer.o(.text)
    TIM3_IRQHandler                          0x080082f5   Thumb Code   184  timer.o(.text)
    chassis_control_loop                     0x080083ad   Thumb Code   546  timer.o(.text)
    chassis_feedback_update                  0x080085cf   Thumb Code    76  timer.o(.text)
    TIM4_IRQHandler                          0x0800861b   Thumb Code    64  timer.o(.text)
    PID_Move_Clear                           0x0800865b   Thumb Code    36  timer.o(.text)
    chassis_init                             0x0800867f   Thumb Code    96  timer.o(.text)
    USB_LP_CAN1_RX0_IRQHandler               0x08008799   Thumb Code    28  can_receive.o(.text)
    CAN_CMD_CHASSIS                          0x080087b5   Thumb Code   112  can_receive.o(.text)
    get_Chassis_Motor_Measure_Point          0x08008825   Thumb Code    18  can_receive.o(.text)
    LED_Init                                 0x08008849   Thumb Code    74  led.o(.text)
    PS2_Init                                 0x0800889d   Thumb Code    60  ps2.o(.text)
    PS2_Cmd                                  0x080088d9   Thumb Code   130  ps2.o(.text)
    PS2_RedLight                             0x0800895b   Thumb Code    50  ps2.o(.text)
    PS2_ReadData                             0x0800898d   Thumb Code   168  ps2.o(.text)
    PS2_ClearData                            0x08008a35   Thumb Code    20  ps2.o(.text)
    PS2_DataKey                              0x08008a49   Thumb Code    70  ps2.o(.text)
    PS2_AnologData                           0x08008a8f   Thumb Code     8  ps2.o(.text)
    PS2_Vibration                            0x08008a97   Thumb Code    90  ps2.o(.text)
    PS2_ShortPoll                            0x08008af1   Thumb Code    62  ps2.o(.text)
    PS2_EnterConfing                         0x08008b2f   Thumb Code    86  ps2.o(.text)
    PS2_TurnOnAnalogMode                     0x08008b85   Thumb Code    80  ps2.o(.text)
    PS2_VibrationMode                        0x08008bd5   Thumb Code    62  ps2.o(.text)
    PS2_ExitConfing                          0x08008c13   Thumb Code    86  ps2.o(.text)
    PS2_SetInit                              0x08008c69   Thumb Code    32  ps2.o(.text)
    delay_init                               0x08008ca5   Thumb Code    50  delay.o(.text)
    delay_us                                 0x08008cd7   Thumb Code    72  delay.o(.text)
    delay_ms                                 0x08008d1f   Thumb Code    72  delay.o(.text)
    _sys_exit                                0x08008d79   Thumb Code     6  usart.o(.text)
    fputc                                    0x08008d7f   Thumb Code    24  usart.o(.text)
    uart_init                                0x08008d97   Thumb Code   152  usart.o(.text)
    USART1_IRQHandler                        0x08008e2f   Thumb Code   122  usart.o(.text)
    Reset_Handler                            0x08008eb9   Thumb Code     8  startup_stm32f10x_hd.o(.text)
    ADC1_2_IRQHandler                        0x08008ed3   Thumb Code     0  startup_stm32f10x_hd.o(.text)
    ADC3_IRQHandler                          0x08008ed3   Thumb Code     0  startup_stm32f10x_hd.o(.text)
    CAN1_RX1_IRQHandler                      0x08008ed3   Thumb Code     0  startup_stm32f10x_hd.o(.text)
    CAN1_SCE_IRQHandler                      0x08008ed3   Thumb Code     0  startup_stm32f10x_hd.o(.text)
    DMA1_Channel1_IRQHandler                 0x08008ed3   Thumb Code     0  startup_stm32f10x_hd.o(.text)
    DMA1_Channel2_IRQHandler                 0x08008ed3   Thumb Code     0  startup_stm32f10x_hd.o(.text)
    DMA1_Channel3_IRQHandler                 0x08008ed3   Thumb Code     0  startup_stm32f10x_hd.o(.text)
    DMA1_Channel4_IRQHandler                 0x08008ed3   Thumb Code     0  startup_stm32f10x_hd.o(.text)
    DMA1_Channel5_IRQHandler                 0x08008ed3   Thumb Code     0  startup_stm32f10x_hd.o(.text)
    DMA1_Channel6_IRQHandler                 0x08008ed3   Thumb Code     0  startup_stm32f10x_hd.o(.text)
    DMA1_Channel7_IRQHandler                 0x08008ed3   Thumb Code     0  startup_stm32f10x_hd.o(.text)
    DMA2_Channel1_IRQHandler                 0x08008ed3   Thumb Code     0  startup_stm32f10x_hd.o(.text)
    DMA2_Channel2_IRQHandler                 0x08008ed3   Thumb Code     0  startup_stm32f10x_hd.o(.text)
    DMA2_Channel3_IRQHandler                 0x08008ed3   Thumb Code     0  startup_stm32f10x_hd.o(.text)
    DMA2_Channel4_5_IRQHandler               0x08008ed3   Thumb Code     0  startup_stm32f10x_hd.o(.text)
    EXTI0_IRQHandler                         0x08008ed3   Thumb Code     0  startup_stm32f10x_hd.o(.text)
    EXTI15_10_IRQHandler                     0x08008ed3   Thumb Code     0  startup_stm32f10x_hd.o(.text)
    EXTI1_IRQHandler                         0x08008ed3   Thumb Code     0  startup_stm32f10x_hd.o(.text)
    EXTI2_IRQHandler                         0x08008ed3   Thumb Code     0  startup_stm32f10x_hd.o(.text)
    EXTI3_IRQHandler                         0x08008ed3   Thumb Code     0  startup_stm32f10x_hd.o(.text)
    EXTI4_IRQHandler                         0x08008ed3   Thumb Code     0  startup_stm32f10x_hd.o(.text)
    EXTI9_5_IRQHandler                       0x08008ed3   Thumb Code     0  startup_stm32f10x_hd.o(.text)
    FLASH_IRQHandler                         0x08008ed3   Thumb Code     0  startup_stm32f10x_hd.o(.text)
    FSMC_IRQHandler                          0x08008ed3   Thumb Code     0  startup_stm32f10x_hd.o(.text)
    I2C1_ER_IRQHandler                       0x08008ed3   Thumb Code     0  startup_stm32f10x_hd.o(.text)
    I2C1_EV_IRQHandler                       0x08008ed3   Thumb Code     0  startup_stm32f10x_hd.o(.text)
    I2C2_ER_IRQHandler                       0x08008ed3   Thumb Code     0  startup_stm32f10x_hd.o(.text)
    I2C2_EV_IRQHandler                       0x08008ed3   Thumb Code     0  startup_stm32f10x_hd.o(.text)
    PVD_IRQHandler                           0x08008ed3   Thumb Code     0  startup_stm32f10x_hd.o(.text)
    RCC_IRQHandler                           0x08008ed3   Thumb Code     0  startup_stm32f10x_hd.o(.text)
    RTCAlarm_IRQHandler                      0x08008ed3   Thumb Code     0  startup_stm32f10x_hd.o(.text)
    RTC_IRQHandler                           0x08008ed3   Thumb Code     0  startup_stm32f10x_hd.o(.text)
    SDIO_IRQHandler                          0x08008ed3   Thumb Code     0  startup_stm32f10x_hd.o(.text)
    SPI1_IRQHandler                          0x08008ed3   Thumb Code     0  startup_stm32f10x_hd.o(.text)
    SPI2_IRQHandler                          0x08008ed3   Thumb Code     0  startup_stm32f10x_hd.o(.text)
    SPI3_IRQHandler                          0x08008ed3   Thumb Code     0  startup_stm32f10x_hd.o(.text)
    TAMPER_IRQHandler                        0x08008ed3   Thumb Code     0  startup_stm32f10x_hd.o(.text)
    TIM1_BRK_IRQHandler                      0x08008ed3   Thumb Code     0  startup_stm32f10x_hd.o(.text)
    TIM1_CC_IRQHandler                       0x08008ed3   Thumb Code     0  startup_stm32f10x_hd.o(.text)
    TIM1_TRG_COM_IRQHandler                  0x08008ed3   Thumb Code     0  startup_stm32f10x_hd.o(.text)
    TIM1_UP_IRQHandler                       0x08008ed3   Thumb Code     0  startup_stm32f10x_hd.o(.text)
    TIM5_IRQHandler                          0x08008ed3   Thumb Code     0  startup_stm32f10x_hd.o(.text)
    TIM6_IRQHandler                          0x08008ed3   Thumb Code     0  startup_stm32f10x_hd.o(.text)
    TIM7_IRQHandler                          0x08008ed3   Thumb Code     0  startup_stm32f10x_hd.o(.text)
    TIM8_BRK_IRQHandler                      0x08008ed3   Thumb Code     0  startup_stm32f10x_hd.o(.text)
    TIM8_CC_IRQHandler                       0x08008ed3   Thumb Code     0  startup_stm32f10x_hd.o(.text)
    TIM8_TRG_COM_IRQHandler                  0x08008ed3   Thumb Code     0  startup_stm32f10x_hd.o(.text)
    TIM8_UP_IRQHandler                       0x08008ed3   Thumb Code     0  startup_stm32f10x_hd.o(.text)
    UART4_IRQHandler                         0x08008ed3   Thumb Code     0  startup_stm32f10x_hd.o(.text)
    USART3_IRQHandler                        0x08008ed3   Thumb Code     0  startup_stm32f10x_hd.o(.text)
    USBWakeUp_IRQHandler                     0x08008ed3   Thumb Code     0  startup_stm32f10x_hd.o(.text)
    USB_HP_CAN1_TX_IRQHandler                0x08008ed3   Thumb Code     0  startup_stm32f10x_hd.o(.text)
    WWDG_IRQHandler                          0x08008ed3   Thumb Code     0  startup_stm32f10x_hd.o(.text)
    __user_initial_stackheap                 0x08008ed5   Thumb Code     0  startup_stm32f10x_hd.o(.text)
    GPIO_DeInit                              0x08008ef9   Thumb Code   172  stm32f10x_gpio.o(.text)
    GPIO_AFIODeInit                          0x08008fa5   Thumb Code    20  stm32f10x_gpio.o(.text)
    GPIO_Init                                0x08008fb9   Thumb Code   278  stm32f10x_gpio.o(.text)
    GPIO_StructInit                          0x080090cf   Thumb Code    16  stm32f10x_gpio.o(.text)
    GPIO_ReadInputDataBit                    0x080090df   Thumb Code    18  stm32f10x_gpio.o(.text)
    GPIO_ReadInputData                       0x080090f1   Thumb Code     8  stm32f10x_gpio.o(.text)
    GPIO_ReadOutputDataBit                   0x080090f9   Thumb Code    18  stm32f10x_gpio.o(.text)
    GPIO_ReadOutputData                      0x0800910b   Thumb Code     8  stm32f10x_gpio.o(.text)
    GPIO_SetBits                             0x08009113   Thumb Code     4  stm32f10x_gpio.o(.text)
    GPIO_ResetBits                           0x08009117   Thumb Code     4  stm32f10x_gpio.o(.text)
    GPIO_WriteBit                            0x0800911b   Thumb Code    10  stm32f10x_gpio.o(.text)
    GPIO_Write                               0x08009125   Thumb Code     4  stm32f10x_gpio.o(.text)
    GPIO_PinLockConfig                       0x08009129   Thumb Code    18  stm32f10x_gpio.o(.text)
    GPIO_EventOutputConfig                   0x0800913b   Thumb Code    26  stm32f10x_gpio.o(.text)
    GPIO_EventOutputCmd                      0x08009155   Thumb Code     6  stm32f10x_gpio.o(.text)
    GPIO_PinRemapConfig                      0x0800915b   Thumb Code   138  stm32f10x_gpio.o(.text)
    GPIO_EXTILineConfig                      0x080091e5   Thumb Code    66  stm32f10x_gpio.o(.text)
    GPIO_ETH_MediaInterfaceConfig            0x08009227   Thumb Code     8  stm32f10x_gpio.o(.text)
    RCC_DeInit                               0x08009255   Thumb Code    64  stm32f10x_rcc.o(.text)
    RCC_HSEConfig                            0x08009295   Thumb Code    70  stm32f10x_rcc.o(.text)
    RCC_GetFlagStatus                        0x080092db   Thumb Code    56  stm32f10x_rcc.o(.text)
    RCC_WaitForHSEStartUp                    0x08009313   Thumb Code    56  stm32f10x_rcc.o(.text)
    RCC_AdjustHSICalibrationValue            0x0800934b   Thumb Code    20  stm32f10x_rcc.o(.text)
    RCC_HSICmd                               0x0800935f   Thumb Code     6  stm32f10x_rcc.o(.text)
    RCC_PLLConfig                            0x08009365   Thumb Code    24  stm32f10x_rcc.o(.text)
    RCC_PLLCmd                               0x0800937d   Thumb Code     6  stm32f10x_rcc.o(.text)
    RCC_SYSCLKConfig                         0x08009383   Thumb Code    18  stm32f10x_rcc.o(.text)
    RCC_GetSYSCLKSource                      0x08009395   Thumb Code    10  stm32f10x_rcc.o(.text)
    RCC_HCLKConfig                           0x0800939f   Thumb Code    18  stm32f10x_rcc.o(.text)
    RCC_PCLK1Config                          0x080093b1   Thumb Code    18  stm32f10x_rcc.o(.text)
    RCC_PCLK2Config                          0x080093c3   Thumb Code    20  stm32f10x_rcc.o(.text)
    RCC_ITConfig                             0x080093d7   Thumb Code    26  stm32f10x_rcc.o(.text)
    RCC_USBCLKConfig                         0x080093f1   Thumb Code     8  stm32f10x_rcc.o(.text)
    RCC_ADCCLKConfig                         0x080093f9   Thumb Code    18  stm32f10x_rcc.o(.text)
    RCC_LSEConfig                            0x0800940b   Thumb Code    50  stm32f10x_rcc.o(.text)
    RCC_LSICmd                               0x0800943d   Thumb Code     6  stm32f10x_rcc.o(.text)
    RCC_RTCCLKConfig                         0x08009443   Thumb Code    12  stm32f10x_rcc.o(.text)
    RCC_RTCCLKCmd                            0x0800944f   Thumb Code     8  stm32f10x_rcc.o(.text)
    RCC_GetClocksFreq                        0x08009457   Thumb Code   192  stm32f10x_rcc.o(.text)
    RCC_AHBPeriphClockCmd                    0x08009517   Thumb Code    26  stm32f10x_rcc.o(.text)
    RCC_APB2PeriphClockCmd                   0x08009531   Thumb Code    26  stm32f10x_rcc.o(.text)
    RCC_APB1PeriphClockCmd                   0x0800954b   Thumb Code    26  stm32f10x_rcc.o(.text)
    RCC_APB2PeriphResetCmd                   0x08009565   Thumb Code    26  stm32f10x_rcc.o(.text)
    RCC_APB1PeriphResetCmd                   0x0800957f   Thumb Code    26  stm32f10x_rcc.o(.text)
    RCC_BackupResetCmd                       0x08009599   Thumb Code     8  stm32f10x_rcc.o(.text)
    RCC_ClockSecuritySystemCmd               0x080095a1   Thumb Code     6  stm32f10x_rcc.o(.text)
    RCC_MCOConfig                            0x080095a7   Thumb Code     6  stm32f10x_rcc.o(.text)
    RCC_ClearFlag                            0x080095ad   Thumb Code    14  stm32f10x_rcc.o(.text)
    RCC_GetITStatus                          0x080095bb   Thumb Code    20  stm32f10x_rcc.o(.text)
    RCC_ClearITPendingBit                    0x080095cf   Thumb Code     6  stm32f10x_rcc.o(.text)
    USART_DeInit                             0x080095f9   Thumb Code   134  stm32f10x_usart.o(.text)
    USART_Init                               0x0800967f   Thumb Code   210  stm32f10x_usart.o(.text)
    USART_StructInit                         0x08009751   Thumb Code    24  stm32f10x_usart.o(.text)
    USART_ClockInit                          0x08009769   Thumb Code    34  stm32f10x_usart.o(.text)
    USART_ClockStructInit                    0x0800978b   Thumb Code    12  stm32f10x_usart.o(.text)
    USART_Cmd                                0x08009797   Thumb Code    24  stm32f10x_usart.o(.text)
    USART_ITConfig                           0x080097af   Thumb Code    74  stm32f10x_usart.o(.text)
    USART_DMACmd                             0x080097f9   Thumb Code    18  stm32f10x_usart.o(.text)
    USART_SetAddress                         0x0800980b   Thumb Code    18  stm32f10x_usart.o(.text)
    USART_WakeUpConfig                       0x0800981d   Thumb Code    18  stm32f10x_usart.o(.text)
    USART_ReceiverWakeUpCmd                  0x0800982f   Thumb Code    24  stm32f10x_usart.o(.text)
    USART_LINBreakDetectLengthConfig         0x08009847   Thumb Code    18  stm32f10x_usart.o(.text)
    USART_LINCmd                             0x08009859   Thumb Code    24  stm32f10x_usart.o(.text)
    USART_SendData                           0x08009871   Thumb Code     8  stm32f10x_usart.o(.text)
    USART_ReceiveData                        0x08009879   Thumb Code    10  stm32f10x_usart.o(.text)
    USART_SendBreak                          0x08009883   Thumb Code    10  stm32f10x_usart.o(.text)
    USART_SetGuardTime                       0x0800988d   Thumb Code    16  stm32f10x_usart.o(.text)
    USART_SetPrescaler                       0x0800989d   Thumb Code    16  stm32f10x_usart.o(.text)
    USART_SmartCardCmd                       0x080098ad   Thumb Code    24  stm32f10x_usart.o(.text)
    USART_SmartCardNACKCmd                   0x080098c5   Thumb Code    24  stm32f10x_usart.o(.text)
    USART_HalfDuplexCmd                      0x080098dd   Thumb Code    24  stm32f10x_usart.o(.text)
    USART_OverSampling8Cmd                   0x080098f5   Thumb Code    22  stm32f10x_usart.o(.text)
    USART_OneBitMethodCmd                    0x0800990b   Thumb Code    24  stm32f10x_usart.o(.text)
    USART_IrDAConfig                         0x08009923   Thumb Code    18  stm32f10x_usart.o(.text)
    USART_IrDACmd                            0x08009935   Thumb Code    24  stm32f10x_usart.o(.text)
    USART_GetFlagStatus                      0x0800994d   Thumb Code    26  stm32f10x_usart.o(.text)
    USART_ClearFlag                          0x08009967   Thumb Code    18  stm32f10x_usart.o(.text)
    USART_GetITStatus                        0x08009979   Thumb Code    84  stm32f10x_usart.o(.text)
    USART_ClearITPendingBit                  0x080099cd   Thumb Code    52  stm32f10x_usart.o(.text)
    NVIC_PriorityGroupConfig                 0x08009a01   Thumb Code    10  misc.o(.text)
    NVIC_Init                                0x08009a0b   Thumb Code   100  misc.o(.text)
    NVIC_SetVectorTable                      0x08009a6f   Thumb Code    14  misc.o(.text)
    NVIC_SystemLPConfig                      0x08009a7d   Thumb Code    34  misc.o(.text)
    SysTick_CLKSourceConfig                  0x08009a9f   Thumb Code    40  misc.o(.text)
    CAN_DeInit                               0x08009add   Thumb Code    50  stm32f10x_can.o(.text)
    CAN_Init                                 0x08009b0f   Thumb Code   276  stm32f10x_can.o(.text)
    CAN_FilterInit                           0x08009c23   Thumb Code   258  stm32f10x_can.o(.text)
    CAN_StructInit                           0x08009d25   Thumb Code    32  stm32f10x_can.o(.text)
    CAN_SlaveStartBank                       0x08009d45   Thumb Code    48  stm32f10x_can.o(.text)
    CAN_DBGFreeze                            0x08009d75   Thumb Code    22  stm32f10x_can.o(.text)
    CAN_TTComModeCmd                         0x08009d8b   Thumb Code   118  stm32f10x_can.o(.text)
    CAN_Transmit                             0x08009e01   Thumb Code   304  stm32f10x_can.o(.text)
    CAN_TransmitStatus                       0x08009f31   Thumb Code   138  stm32f10x_can.o(.text)
    CAN_CancelTransmit                       0x08009fbb   Thumb Code    48  stm32f10x_can.o(.text)
    CAN_Receive                              0x08009feb   Thumb Code   240  stm32f10x_can.o(.text)
    CAN_FIFORelease                          0x0800a0db   Thumb Code    22  stm32f10x_can.o(.text)
    CAN_MessagePending                       0x0800a0f1   Thumb Code    30  stm32f10x_can.o(.text)
    CAN_OperatingModeRequest                 0x0800a10f   Thumb Code   162  stm32f10x_can.o(.text)
    CAN_Sleep                                0x0800a1b1   Thumb Code    30  stm32f10x_can.o(.text)
    CAN_WakeUp                               0x0800a1cf   Thumb Code    48  stm32f10x_can.o(.text)
    CAN_GetLastErrorCode                     0x0800a1ff   Thumb Code    12  stm32f10x_can.o(.text)
    CAN_GetReceiveErrorCounter               0x0800a20b   Thumb Code    10  stm32f10x_can.o(.text)
    CAN_GetLSBTransmitErrorCounter           0x0800a215   Thumb Code    12  stm32f10x_can.o(.text)
    CAN_ITConfig                             0x0800a221   Thumb Code    18  stm32f10x_can.o(.text)
    CAN_GetFlagStatus                        0x0800a233   Thumb Code   120  stm32f10x_can.o(.text)
    CAN_ClearFlag                            0x0800a2ab   Thumb Code    52  stm32f10x_can.o(.text)
    CAN_GetITStatus                          0x0800a2f1   Thumb Code   310  stm32f10x_can.o(.text)
    CAN_ClearITPendingBit                    0x0800a427   Thumb Code   162  stm32f10x_can.o(.text)
    TIM_DeInit                               0x0800a4cd   Thumb Code   424  stm32f10x_tim.o(.text)
    TIM_TimeBaseInit                         0x0800a675   Thumb Code   122  stm32f10x_tim.o(.text)
    TIM_OC1Init                              0x0800a6ef   Thumb Code   132  stm32f10x_tim.o(.text)
    TIM_OC2Init                              0x0800a773   Thumb Code   154  stm32f10x_tim.o(.text)
    TIM_OC3Init                              0x0800a80d   Thumb Code   150  stm32f10x_tim.o(.text)
    TIM_OC4Init                              0x0800a8a3   Thumb Code   182  stm32f10x_tim.o(.text)
    TIM_SetIC4Prescaler                      0x0800a959   Thumb Code    26  stm32f10x_tim.o(.text)
    TIM_SetIC3Prescaler                      0x0800a9f5   Thumb Code    18  stm32f10x_tim.o(.text)
    TIM_SetIC2Prescaler                      0x0800aa81   Thumb Code    26  stm32f10x_tim.o(.text)
    TIM_SetIC1Prescaler                      0x0800ab1d   Thumb Code    18  stm32f10x_tim.o(.text)
    TIM_ICInit                               0x0800ab9b   Thumb Code   150  stm32f10x_tim.o(.text)
    TIM_PWMIConfig                           0x0800ac31   Thumb Code   124  stm32f10x_tim.o(.text)
    TIM_BDTRConfig                           0x0800acad   Thumb Code    32  stm32f10x_tim.o(.text)
    TIM_TimeBaseStructInit                   0x0800accd   Thumb Code    18  stm32f10x_tim.o(.text)
    TIM_OCStructInit                         0x0800acdf   Thumb Code    20  stm32f10x_tim.o(.text)
    TIM_ICStructInit                         0x0800acf3   Thumb Code    18  stm32f10x_tim.o(.text)
    TIM_BDTRStructInit                       0x0800ad05   Thumb Code    40  stm32f10x_tim.o(.text)
    TIM_Cmd                                  0x0800ad2d   Thumb Code    24  stm32f10x_tim.o(.text)
    TIM_CtrlPWMOutputs                       0x0800ad45   Thumb Code    30  stm32f10x_tim.o(.text)
    TIM_ITConfig                             0x0800ad63   Thumb Code    18  stm32f10x_tim.o(.text)
    TIM_GenerateEvent                        0x0800ad75   Thumb Code     4  stm32f10x_tim.o(.text)
    TIM_DMAConfig                            0x0800ad79   Thumb Code    10  stm32f10x_tim.o(.text)
    TIM_DMACmd                               0x0800ad83   Thumb Code    18  stm32f10x_tim.o(.text)
    TIM_InternalClockConfig                  0x0800ad95   Thumb Code    12  stm32f10x_tim.o(.text)
    TIM_SelectInputTrigger                   0x0800ada1   Thumb Code    18  stm32f10x_tim.o(.text)
    TIM_ITRxExternalClockConfig              0x0800adb3   Thumb Code    24  stm32f10x_tim.o(.text)
    TIM_TIxExternalClockConfig               0x0800adcb   Thumb Code    62  stm32f10x_tim.o(.text)
    TIM_ETRConfig                            0x0800ae09   Thumb Code    28  stm32f10x_tim.o(.text)
    TIM_ETRClockMode1Config                  0x0800ae25   Thumb Code    54  stm32f10x_tim.o(.text)
    TIM_ETRClockMode2Config                  0x0800ae5b   Thumb Code    32  stm32f10x_tim.o(.text)
    TIM_PrescalerConfig                      0x0800ae7b   Thumb Code     6  stm32f10x_tim.o(.text)
    TIM_CounterModeConfig                    0x0800ae81   Thumb Code    18  stm32f10x_tim.o(.text)
    TIM_EncoderInterfaceConfig               0x0800ae93   Thumb Code    66  stm32f10x_tim.o(.text)
    TIM_ForcedOC1Config                      0x0800aed5   Thumb Code    18  stm32f10x_tim.o(.text)
    TIM_ForcedOC2Config                      0x0800aee7   Thumb Code    26  stm32f10x_tim.o(.text)
    TIM_ForcedOC3Config                      0x0800af01   Thumb Code    18  stm32f10x_tim.o(.text)
    TIM_ForcedOC4Config                      0x0800af13   Thumb Code    26  stm32f10x_tim.o(.text)
    TIM_ARRPreloadConfig                     0x0800af2d   Thumb Code    24  stm32f10x_tim.o(.text)
    TIM_SelectCOM                            0x0800af45   Thumb Code    24  stm32f10x_tim.o(.text)
    TIM_SelectCCDMA                          0x0800af5d   Thumb Code    24  stm32f10x_tim.o(.text)
    TIM_CCPreloadControl                     0x0800af75   Thumb Code    24  stm32f10x_tim.o(.text)
    TIM_OC1PreloadConfig                     0x0800af8d   Thumb Code    18  stm32f10x_tim.o(.text)
    TIM_OC2PreloadConfig                     0x0800af9f   Thumb Code    26  stm32f10x_tim.o(.text)
    TIM_OC3PreloadConfig                     0x0800afb9   Thumb Code    18  stm32f10x_tim.o(.text)
    TIM_OC4PreloadConfig                     0x0800afcb   Thumb Code    26  stm32f10x_tim.o(.text)
    TIM_OC1FastConfig                        0x0800afe5   Thumb Code    18  stm32f10x_tim.o(.text)
    TIM_OC2FastConfig                        0x0800aff7   Thumb Code    26  stm32f10x_tim.o(.text)
    TIM_OC3FastConfig                        0x0800b011   Thumb Code    18  stm32f10x_tim.o(.text)
    TIM_OC4FastConfig                        0x0800b023   Thumb Code    26  stm32f10x_tim.o(.text)
    TIM_ClearOC1Ref                          0x0800b03d   Thumb Code    18  stm32f10x_tim.o(.text)
    TIM_ClearOC2Ref                          0x0800b04f   Thumb Code    24  stm32f10x_tim.o(.text)
    TIM_ClearOC3Ref                          0x0800b067   Thumb Code    18  stm32f10x_tim.o(.text)
    TIM_ClearOC4Ref                          0x0800b079   Thumb Code    24  stm32f10x_tim.o(.text)
    TIM_OC1PolarityConfig                    0x0800b091   Thumb Code    18  stm32f10x_tim.o(.text)
    TIM_OC1NPolarityConfig                   0x0800b0a3   Thumb Code    18  stm32f10x_tim.o(.text)
    TIM_OC2PolarityConfig                    0x0800b0b5   Thumb Code    26  stm32f10x_tim.o(.text)
    TIM_OC2NPolarityConfig                   0x0800b0cf   Thumb Code    26  stm32f10x_tim.o(.text)
    TIM_OC3PolarityConfig                    0x0800b0e9   Thumb Code    26  stm32f10x_tim.o(.text)
    TIM_OC3NPolarityConfig                   0x0800b103   Thumb Code    26  stm32f10x_tim.o(.text)
    TIM_OC4PolarityConfig                    0x0800b11d   Thumb Code    26  stm32f10x_tim.o(.text)
    TIM_CCxCmd                               0x0800b137   Thumb Code    30  stm32f10x_tim.o(.text)
    TIM_CCxNCmd                              0x0800b155   Thumb Code    30  stm32f10x_tim.o(.text)
    TIM_SelectOCxM                           0x0800b173   Thumb Code    82  stm32f10x_tim.o(.text)
    TIM_UpdateDisableConfig                  0x0800b1c5   Thumb Code    24  stm32f10x_tim.o(.text)
    TIM_UpdateRequestConfig                  0x0800b1dd   Thumb Code    24  stm32f10x_tim.o(.text)
    TIM_SelectHallSensor                     0x0800b1f5   Thumb Code    24  stm32f10x_tim.o(.text)
    TIM_SelectOnePulseMode                   0x0800b20d   Thumb Code    18  stm32f10x_tim.o(.text)
    TIM_SelectOutputTrigger                  0x0800b21f   Thumb Code    18  stm32f10x_tim.o(.text)
    TIM_SelectSlaveMode                      0x0800b231   Thumb Code    18  stm32f10x_tim.o(.text)
    TIM_SelectMasterSlaveMode                0x0800b243   Thumb Code    18  stm32f10x_tim.o(.text)
    TIM_SetCounter                           0x0800b255   Thumb Code     4  stm32f10x_tim.o(.text)
    TIM_SetAutoreload                        0x0800b259   Thumb Code     4  stm32f10x_tim.o(.text)
    TIM_SetCompare1                          0x0800b25d   Thumb Code     4  stm32f10x_tim.o(.text)
    TIM_SetCompare2                          0x0800b261   Thumb Code     4  stm32f10x_tim.o(.text)
    TIM_SetCompare3                          0x0800b265   Thumb Code     4  stm32f10x_tim.o(.text)
    TIM_SetCompare4                          0x0800b269   Thumb Code     6  stm32f10x_tim.o(.text)
    TIM_SetClockDivision                     0x0800b26f   Thumb Code    18  stm32f10x_tim.o(.text)
    TIM_GetCapture1                          0x0800b281   Thumb Code     6  stm32f10x_tim.o(.text)
    TIM_GetCapture2                          0x0800b287   Thumb Code     6  stm32f10x_tim.o(.text)
    TIM_GetCapture3                          0x0800b28d   Thumb Code     6  stm32f10x_tim.o(.text)
    TIM_GetCapture4                          0x0800b293   Thumb Code     8  stm32f10x_tim.o(.text)
    TIM_GetCounter                           0x0800b29b   Thumb Code     6  stm32f10x_tim.o(.text)
    TIM_GetPrescaler                         0x0800b2a1   Thumb Code     6  stm32f10x_tim.o(.text)
    TIM_GetFlagStatus                        0x0800b2a7   Thumb Code    18  stm32f10x_tim.o(.text)
    TIM_ClearFlag                            0x0800b2b9   Thumb Code     6  stm32f10x_tim.o(.text)
    TIM_GetITStatus                          0x0800b2bf   Thumb Code    34  stm32f10x_tim.o(.text)
    TIM_ClearITPendingBit                    0x0800b2e1   Thumb Code     6  stm32f10x_tim.o(.text)
    __use_no_semihosting                     0x0800b2e7   Thumb Code     2  use_no_semi_2.o(.text)
    __2printf                                0x0800b2e9   Thumb Code    20  noretval__2printf.o(.text)
    __printf                                 0x0800b301   Thumb Code   104  __printf.o(.text)
    _printf_int_hex                          0x0800b369   Thumb Code    84  _printf_hex_int.o(.text)
    _printf_longlong_hex                     0x0800b369   Thumb Code     0  _printf_hex_int.o(.text)
    __use_two_region_memory                  0x0800b3c1   Thumb Code     2  heapauxi.o(.text)
    __rt_heap_escrow$2region                 0x0800b3c3   Thumb Code     2  heapauxi.o(.text)
    __rt_heap_expand$2region                 0x0800b3c5   Thumb Code     2  heapauxi.o(.text)
    __I$use$semihosting                      0x0800b3c7   Thumb Code     0  use_no_semi.o(.text)
    __use_no_semihosting_swi                 0x0800b3c7   Thumb Code     2  use_no_semi.o(.text)
    __read_errno                             0x0800b3c9   Thumb Code    10  _rserrno.o(.text)
    __set_errno                              0x0800b3d3   Thumb Code    12  _rserrno.o(.text)
    _printf_int_common                       0x0800b3df   Thumb Code   178  _printf_intcommon.o(.text)
    _printf_char_file                        0x0800b491   Thumb Code    32  _printf_char_file.o(.text)
    __aeabi_errno_addr                       0x0800b4b5   Thumb Code     8  rt_errno_addr_intlibspace.o(.text)
    __errno$intlibspace                      0x0800b4b5   Thumb Code     0  rt_errno_addr_intlibspace.o(.text)
    __rt_errno_addr$intlibspace              0x0800b4b5   Thumb Code     0  rt_errno_addr_intlibspace.o(.text)
    _printf_char_common                      0x0800b4c7   Thumb Code    32  _printf_char_common.o(.text)
    ferror                                   0x0800b4ed   Thumb Code     8  ferror.o(.text)
    __user_libspace                          0x0800b4f5   Thumb Code     8  libspace.o(.text)
    __user_perproc_libspace                  0x0800b4f5   Thumb Code     0  libspace.o(.text)
    __user_perthread_libspace                0x0800b4f5   Thumb Code     0  libspace.o(.text)
    __user_setup_stackheap                   0x0800b4fd   Thumb Code    74  sys_stackheap_outer.o(.text)
    exit                                     0x0800b547   Thumb Code    18  exit.o(.text)
    __ARM_fpclassify                         0x0800b559   Thumb Code    40  fpclassify.o(i.__ARM_fpclassify)
    __ARM_fpclassifyf                        0x0800b581   Thumb Code    38  fpclassifyf.o(i.__ARM_fpclassifyf)
    __ieee754_rem_pio2                       0x0800b5a9   Thumb Code   828  rred.o(i.__ieee754_rem_pio2)
    __kernel_poly                            0x0800b931   Thumb Code   170  poly.o(i.__kernel_poly)
    __kernel_tan                             0x0800b9dd   Thumb Code   586  tan_i.o(i.__kernel_tan)
    __mathlib_dbl_divzero                    0x0800bc59   Thumb Code    12  dunder.o(i.__mathlib_dbl_divzero)
    __mathlib_dbl_infnan                     0x0800bc69   Thumb Code     6  dunder.o(i.__mathlib_dbl_infnan)
    __mathlib_dbl_infnan2                    0x0800bc6f   Thumb Code     4  dunder.o(i.__mathlib_dbl_infnan2)
    __mathlib_dbl_invalid                    0x0800bc73   Thumb Code    12  dunder.o(i.__mathlib_dbl_invalid)
    __mathlib_dbl_overflow                   0x0800bc7f   Thumb Code    14  dunder.o(i.__mathlib_dbl_overflow)
    __mathlib_dbl_underflow                  0x0800bc8d   Thumb Code    10  dunder.o(i.__mathlib_dbl_underflow)
    __mathlib_flt_infnan2                    0x0800bc9d   Thumb Code     4  funder.o(i.__mathlib_flt_infnan2)
    __mathlib_flt_underflow                  0x0800bca1   Thumb Code    10  funder.o(i.__mathlib_flt_underflow)
    atan                                     0x0800bcad   Thumb Code   474  atan.o(i.atan)
    atan2f                                   0x0800becd   Thumb Code   528  atan2f.o(i.atan2f)
    pow                                      0x0800c129   Thumb Code  2512  pow.o(i.pow)
    sqrt                                     0x0800cb01   Thumb Code    76  sqrt.o(i.sqrt)
    sqrtf                                    0x0800cb4d   Thumb Code    44  sqrtf.o(i.sqrtf)
    tan                                      0x0800cb79   Thumb Code    90  tan.o(i.tan)
    __aeabi_d2f                              0x0800cbdd   Thumb Code     0  d2f.o(x$fpl$d2f)
    _d2f                                     0x0800cbdd   Thumb Code    98  d2f.o(x$fpl$d2f)
    __aeabi_dadd                             0x0800cc41   Thumb Code     0  daddsub_clz.o(x$fpl$dadd)
    _dadd                                    0x0800cc41   Thumb Code   332  daddsub_clz.o(x$fpl$dadd)
    __fpl_dcheck_NaN1                        0x0800cd91   Thumb Code    10  dcheck1.o(x$fpl$dcheck1)
    __fpl_dcmp_Inf                           0x0800cda1   Thumb Code    24  dcmpi.o(x$fpl$dcmpinf)
    __aeabi_ddiv                             0x0800cdb9   Thumb Code     0  ddiv.o(x$fpl$ddiv)
    _ddiv                                    0x0800cdb9   Thumb Code   552  ddiv.o(x$fpl$ddiv)
    __aeabi_d2iz                             0x0800d069   Thumb Code     0  dfix.o(x$fpl$dfix)
    _dfix                                    0x0800d069   Thumb Code    94  dfix.o(x$fpl$dfix)
    __aeabi_d2uiz                            0x0800d0c9   Thumb Code     0  dfixu.o(x$fpl$dfixu)
    _dfixu                                   0x0800d0c9   Thumb Code    90  dfixu.o(x$fpl$dfixu)
    __aeabi_i2d                              0x0800d123   Thumb Code     0  dflt_clz.o(x$fpl$dflt)
    _dflt                                    0x0800d123   Thumb Code    46  dflt_clz.o(x$fpl$dflt)
    __aeabi_ui2d                             0x0800d151   Thumb Code     0  dflt_clz.o(x$fpl$dfltu)
    _dfltu                                   0x0800d151   Thumb Code    38  dflt_clz.o(x$fpl$dfltu)
    __aeabi_cdcmple                          0x0800d179   Thumb Code     0  dleqf.o(x$fpl$dleqf)
    _dcmple                                  0x0800d179   Thumb Code   120  dleqf.o(x$fpl$dleqf)
    __fpl_dcmple_InfNaN                      0x0800d1db   Thumb Code     0  dleqf.o(x$fpl$dleqf)
    __aeabi_dmul                             0x0800d1f1   Thumb Code     0  dmul.o(x$fpl$dmul)
    _dmul                                    0x0800d1f1   Thumb Code   332  dmul.o(x$fpl$dmul)
    __fpl_dnaninf                            0x0800d345   Thumb Code   156  dnaninf.o(x$fpl$dnaninf)
    __fpl_dretinf                            0x0800d3e1   Thumb Code    12  dretinf.o(x$fpl$dretinf)
    __aeabi_cdrcmple                         0x0800d3ed   Thumb Code     0  drleqf.o(x$fpl$drleqf)
    _drcmple                                 0x0800d3ed   Thumb Code   108  drleqf.o(x$fpl$drleqf)
    __aeabi_drsub                            0x0800d459   Thumb Code     0  daddsub_clz.o(x$fpl$drsb)
    _drsb                                    0x0800d459   Thumb Code    22  daddsub_clz.o(x$fpl$drsb)
    _dsqrt                                   0x0800d471   Thumb Code   456  dsqrt_noumaal.o(x$fpl$dsqrt)
    __aeabi_dsub                             0x0800d63d   Thumb Code     0  daddsub_clz.o(x$fpl$dsub)
    _dsub                                    0x0800d63d   Thumb Code   464  daddsub_clz.o(x$fpl$dsub)
    __aeabi_f2d                              0x0800d811   Thumb Code     0  f2d.o(x$fpl$f2d)
    _f2d                                     0x0800d811   Thumb Code    86  f2d.o(x$fpl$f2d)
    __aeabi_fadd                             0x0800d869   Thumb Code     0  faddsub_clz.o(x$fpl$fadd)
    _fadd                                    0x0800d869   Thumb Code   196  faddsub_clz.o(x$fpl$fadd)
    __fpl_fcheck_NaN1                        0x0800d92d   Thumb Code     6  fcheck1.o(x$fpl$fcheck1)
    __fpl_fcmp_Inf                           0x0800d939   Thumb Code    24  fcmpi.o(x$fpl$fcmpinf)
    __aeabi_fdiv                             0x0800d951   Thumb Code     0  fdiv.o(x$fpl$fdiv)
    _fdiv                                    0x0800d951   Thumb Code   384  fdiv.o(x$fpl$fdiv)
    __aeabi_cfcmpeq                          0x0800dad5   Thumb Code     0  feqf.o(x$fpl$feqf)
    _fcmpeq                                  0x0800dad5   Thumb Code   104  feqf.o(x$fpl$feqf)
    __aeabi_f2iz                             0x0800db3d   Thumb Code     0  ffix.o(x$fpl$ffix)
    _ffix                                    0x0800db3d   Thumb Code    54  ffix.o(x$fpl$ffix)
    __aeabi_f2uiz                            0x0800db75   Thumb Code     0  ffixu.o(x$fpl$ffixu)
    _ffixu                                   0x0800db75   Thumb Code    62  ffixu.o(x$fpl$ffixu)
    __aeabi_i2f                              0x0800dbb5   Thumb Code     0  fflt_clz.o(x$fpl$fflt)
    _fflt                                    0x0800dbb5   Thumb Code    48  fflt_clz.o(x$fpl$fflt)
    __aeabi_ui2f                             0x0800dbe5   Thumb Code     0  fflt_clz.o(x$fpl$ffltu)
    _ffltu                                   0x0800dbe5   Thumb Code    38  fflt_clz.o(x$fpl$ffltu)
    __aeabi_cfcmple                          0x0800dc0d   Thumb Code     0  fleqf.o(x$fpl$fleqf)
    _fcmple                                  0x0800dc0d   Thumb Code   104  fleqf.o(x$fpl$fleqf)
    __fpl_fcmple_InfNaN                      0x0800dc5f   Thumb Code     0  fleqf.o(x$fpl$fleqf)
    __aeabi_fmul                             0x0800dc75   Thumb Code     0  fmul.o(x$fpl$fmul)
    _fmul                                    0x0800dc75   Thumb Code   258  fmul.o(x$fpl$fmul)
    __fpl_fnaninf                            0x0800dd77   Thumb Code   140  fnaninf.o(x$fpl$fnaninf)
    __fpl_fretinf                            0x0800de03   Thumb Code    10  fretinf.o(x$fpl$fretinf)
    __aeabi_cfrcmple                         0x0800de0d   Thumb Code     0  frleqf.o(x$fpl$frleqf)
    _frcmple                                 0x0800de0d   Thumb Code    98  frleqf.o(x$fpl$frleqf)
    __aeabi_frsub                            0x0800de6f   Thumb Code     0  faddsub_clz.o(x$fpl$frsb)
    _frsb                                    0x0800de6f   Thumb Code    20  faddsub_clz.o(x$fpl$frsb)
    _fsqrt                                   0x0800de85   Thumb Code   272  fsqrt.o(x$fpl$fsqrt)
    __aeabi_fsub                             0x0800df95   Thumb Code     0  faddsub_clz.o(x$fpl$fsub)
    _fsub                                    0x0800df95   Thumb Code   234  faddsub_clz.o(x$fpl$fsub)
    __fpl_return_NaN                         0x0800e07f   Thumb Code   100  retnan.o(x$fpl$retnan)
    __ARM_scalbn                             0x0800e0e3   Thumb Code    92  scalbn.o(x$fpl$scalbn)
    __ARM_scalbnf                            0x0800e13f   Thumb Code    76  scalbnf.o(x$fpl$scalbnf)
    __fpl_cmpreturn                          0x0800e18b   Thumb Code    48  trapv.o(x$fpl$trapveneer)
    __I$use$fp                               0x0800e1ba   Number         0  usenofp.o(x$fpl$usenofp)
    asc2_1206                                0x0800e1ba   Data        1140  lcd.o(.constdata)
    asc2_1608                                0x0800e62e   Data        1520  lcd.o(.constdata)
    asc2_2412                                0x0800ec1e   Data        3420  lcd.o(.constdata)
    __mathlib_zero                           0x0800fae0   Data           8  qnan.o(.constdata)
    Region$$Table$$Base                      0x0800fc10   Number         0  anon$$obj.o(Region$$Table)
    Region$$Table$$Limit                     0x0800fc30   Number         0  anon$$obj.o(Region$$Table)
    Px                                       0x20000004   Data           4  main.o(.data)
    Py                                       0x20000008   Data           4  main.o(.data)
    laser_l                                  0x2000000c   Data           4  main.o(.data)
    Pp                                       0x20000010   Data           4  main.o(.data)
    v                                        0x20000014   Data           4  main.o(.data)
    i                                        0x20000018   Data           4  main.o(.data)
    i1                                       0x2000001c   Data           4  main.o(.data)
    a                                        0x20000020   Data           4  main.o(.data)
    SideNumber1                              0x20000024   Data           1  main.o(.data)
    SideNumber2                              0x20000025   Data           1  main.o(.data)
    SideNumber                               0x20000026   Data           1  main.o(.data)
    flag_cir                                 0x20000027   Data           1  main.o(.data)
    begin_run                                0x20000028   Data           1  main.o(.data)
    sysTickUptime                            0x20000030   Data           4  stm32f10x_it.o(.data)
    SystemCoreClock                          0x20000034   Data           4  system_stm32f10x.o(.data)
    AHBPrescTable                            0x20000038   Data          16  system_stm32f10x.o(.data)
    USART_RX_STA2                            0x20000048   Data           2  key.o(.data)
    PosX                                     0x2000004c   Data           4  key.o(.data)
    PosY                                     0x20000050   Data           4  key.o(.data)
    laser_L                                  0x20000054   Data           4  key.o(.data)
    PosAngle                                 0x20000058   Data           4  key.o(.data)
    laser_left                               0x2000005c   Data           2  key.o(.data)
    laser_right                              0x2000005e   Data           2  key.o(.data)
    PosAngle_temp                            0x20000060   Data           2  key.o(.data)
    Distance                                 0x20000062   Data           2  key.o(.data)
    red                                      0x20000064   Data           1  key.o(.data)
    blue                                     0x20000065   Data           1  key.o(.data)
    Begin_Run                                0x20000066   Data           1  key.o(.data)
    tub_1                                    0x20000067   Data           1  key.o(.data)
    tub_2                                    0x20000068   Data           1  key.o(.data)
    USART_RX_STA3                            0x2000006a   Data           2  key.o(.data)
    x                                        0x2000006c   Data           4  key.o(.data)
    y                                        0x20000070   Data           4  key.o(.data)
    p                                        0x20000074   Data           4  key.o(.data)
    POINT_COLOR                              0x20000088   Data           2  lcd.o(.data)
    BACK_COLOR                               0x2000008a   Data           2  lcd.o(.data)
    initpoint                                0x2000008c   Data           8  move_base.o(.data)
    initangle                                0x20000094   Data           4  move_base.o(.data)
    targetpoint                              0x20000098   Data           8  move_base.o(.data)
    targetangle                              0x200000a0   Data           4  move_base.o(.data)
    motor_v1                                 0x200000a4   Data           4  move_base.o(.data)
    motor_v2                                 0x200000a8   Data           4  move_base.o(.data)
    flag                                     0x200000b4   Data           2  timer.o(.data)
    speed1                                   0x200000b8   Data           4  timer.o(.data)
    speed2                                   0x200000bc   Data           4  timer.o(.data)
    Handkey                                  0x200000ca   Data           2  ps2.o(.data)
    Comd                                     0x200000cc   Data           2  ps2.o(.data)
    MASK                                     0x200000ce   Data          32  ps2.o(.data)
    __stdout                                 0x200000f4   Data           4  usart.o(.data)
    USART_RX_STA                             0x200000f8   Data           2  usart.o(.data)
    USART_RX_BUF3                            0x20000110   Data         200  key.o(.bss)
    lcddev                                   0x200001f4   Data          14  lcd.o(.bss)
    presentline                              0x20000204   Data          12  move_base.o(.bss)
    targetline                               0x20000210   Data          12  move_base.o(.bss)
    PID_distance                             0x2000021c   Data          72  move_base.o(.bss)
    PID_angle                                0x20000264   Data          72  move_base.o(.bss)
    PID_DisArc                               0x200002ac   Data          72  move_base.o(.bss)
    PID_param_dis                            0x200002f4   Data          12  move_base.o(.bss)
    PID_param_angle                          0x20000300   Data          12  move_base.o(.bss)
    PID_param_DisArc                         0x2000030c   Data          12  move_base.o(.bss)
    chassis_move                             0x20000318   Data         184  timer.o(.bss)
    Data                                     0x200003f8   Data           9  ps2.o(.bss)
    USART_RX_BUF                             0x20000401   Data         200  usart.o(.bss)
    __libspace_start                         0x200004cc   Data          96  libspace.o(.bss)
    __temporary_stack_top$libspace           0x2000052c   Data           0  libspace.o(.bss)



==============================================================================

Memory Map of the image

  Image Entry point : 0x08000131

  Load Region LR_IROM1 (Base: 0x08000000, Size: 0x0000fd40, Max: 0x00040000, ABSOLUTE)

    Execution Region ER_IROM1 (Exec base: 0x08000000, Load base: 0x08000000, Size: 0x0000fc30, Max: 0x00040000, ABSOLUTE)

    Exec Addr    Load Addr    Size         Type   Attr      Idx    E Section Name        Object

    0x08000000   0x08000000   0x00000130   Data   RO          565    RESET               startup_stm32f10x_hd.o
    0x08000130   0x08000130   0x00000008   Code   RO          711  * !!!main             c_w.l(__main.o)
    0x08000138   0x08000138   0x00000034   Code   RO         1079    !!!scatter          c_w.l(__scatter.o)
    0x0800016c   0x0800016c   0x0000001a   Code   RO         1081    !!handler_copy      c_w.l(__scatter_copy.o)
    0x08000186   0x08000186   0x00000002   PAD
    0x08000188   0x08000188   0x0000001c   Code   RO         1083    !!handler_zi        c_w.l(__scatter_zi.o)
    0x080001a4   0x080001a4   0x00000000   Code   RO          708    .ARM.Collect$$_printf_percent$$00000000  c_w.l(_printf_percent.o)
    0x080001a4   0x080001a4   0x00000006   Code   RO          707    .ARM.Collect$$_printf_percent$$0000000C  c_w.l(_printf_x.o)
    0x080001aa   0x080001aa   0x00000004   Code   RO          840    .ARM.Collect$$_printf_percent$$00000017  c_w.l(_printf_percent_end.o)
    0x080001ae   0x080001ae   0x00000002   Code   RO          950    .ARM.Collect$$libinit$$00000000  c_w.l(libinit.o)
    0x080001b0   0x080001b0   0x00000000   Code   RO          958    .ARM.Collect$$libinit$$00000002  c_w.l(libinit2.o)
    0x080001b0   0x080001b0   0x00000000   Code   RO          960    .ARM.Collect$$libinit$$00000004  c_w.l(libinit2.o)
    0x080001b0   0x080001b0   0x00000000   Code   RO          963    .ARM.Collect$$libinit$$0000000A  c_w.l(libinit2.o)
    0x080001b0   0x080001b0   0x00000000   Code   RO          965    .ARM.Collect$$libinit$$0000000C  c_w.l(libinit2.o)
    0x080001b0   0x080001b0   0x00000000   Code   RO          967    .ARM.Collect$$libinit$$0000000E  c_w.l(libinit2.o)
    0x080001b0   0x080001b0   0x00000000   Code   RO          970    .ARM.Collect$$libinit$$00000011  c_w.l(libinit2.o)
    0x080001b0   0x080001b0   0x00000000   Code   RO          972    .ARM.Collect$$libinit$$00000013  c_w.l(libinit2.o)
    0x080001b0   0x080001b0   0x00000000   Code   RO          974    .ARM.Collect$$libinit$$00000015  c_w.l(libinit2.o)
    0x080001b0   0x080001b0   0x00000000   Code   RO          976    .ARM.Collect$$libinit$$00000017  c_w.l(libinit2.o)
    0x080001b0   0x080001b0   0x00000000   Code   RO          978    .ARM.Collect$$libinit$$00000019  c_w.l(libinit2.o)
    0x080001b0   0x080001b0   0x00000000   Code   RO          980    .ARM.Collect$$libinit$$0000001B  c_w.l(libinit2.o)
    0x080001b0   0x080001b0   0x00000000   Code   RO          982    .ARM.Collect$$libinit$$0000001D  c_w.l(libinit2.o)
    0x080001b0   0x080001b0   0x00000000   Code   RO          984    .ARM.Collect$$libinit$$0000001F  c_w.l(libinit2.o)
    0x080001b0   0x080001b0   0x00000000   Code   RO          986    .ARM.Collect$$libinit$$00000021  c_w.l(libinit2.o)
    0x080001b0   0x080001b0   0x00000000   Code   RO          988    .ARM.Collect$$libinit$$00000023  c_w.l(libinit2.o)
    0x080001b0   0x080001b0   0x00000000   Code   RO          990    .ARM.Collect$$libinit$$00000025  c_w.l(libinit2.o)
    0x080001b0   0x080001b0   0x00000000   Code   RO          994    .ARM.Collect$$libinit$$0000002C  c_w.l(libinit2.o)
    0x080001b0   0x080001b0   0x00000000   Code   RO          996    .ARM.Collect$$libinit$$0000002E  c_w.l(libinit2.o)
    0x080001b0   0x080001b0   0x00000000   Code   RO          998    .ARM.Collect$$libinit$$00000030  c_w.l(libinit2.o)
    0x080001b0   0x080001b0   0x00000000   Code   RO         1000    .ARM.Collect$$libinit$$00000032  c_w.l(libinit2.o)
    0x080001b0   0x080001b0   0x00000002   Code   RO         1001    .ARM.Collect$$libinit$$00000033  c_w.l(libinit2.o)
    0x080001b2   0x080001b2   0x00000002   Code   RO         1021    .ARM.Collect$$libshutdown$$00000000  c_w.l(libshutdown.o)
    0x080001b4   0x080001b4   0x00000000   Code   RO         1031    .ARM.Collect$$libshutdown$$00000002  c_w.l(libshutdown2.o)
    0x080001b4   0x080001b4   0x00000000   Code   RO         1033    .ARM.Collect$$libshutdown$$00000004  c_w.l(libshutdown2.o)
    0x080001b4   0x080001b4   0x00000000   Code   RO         1036    .ARM.Collect$$libshutdown$$00000007  c_w.l(libshutdown2.o)
    0x080001b4   0x080001b4   0x00000000   Code   RO         1039    .ARM.Collect$$libshutdown$$0000000A  c_w.l(libshutdown2.o)
    0x080001b4   0x080001b4   0x00000000   Code   RO         1041    .ARM.Collect$$libshutdown$$0000000C  c_w.l(libshutdown2.o)
    0x080001b4   0x080001b4   0x00000000   Code   RO         1044    .ARM.Collect$$libshutdown$$0000000F  c_w.l(libshutdown2.o)
    0x080001b4   0x080001b4   0x00000002   Code   RO         1045    .ARM.Collect$$libshutdown$$00000010  c_w.l(libshutdown2.o)
    0x080001b6   0x080001b6   0x00000000   Code   RO          833    .ARM.Collect$$rtentry$$00000000  c_w.l(__rtentry.o)
    0x080001b6   0x080001b6   0x00000000   Code   RO          907    .ARM.Collect$$rtentry$$00000002  c_w.l(__rtentry2.o)
    0x080001b6   0x080001b6   0x00000006   Code   RO          919    .ARM.Collect$$rtentry$$00000004  c_w.l(__rtentry4.o)
    0x080001bc   0x080001bc   0x00000000   Code   RO          909    .ARM.Collect$$rtentry$$00000009  c_w.l(__rtentry2.o)
    0x080001bc   0x080001bc   0x00000004   Code   RO          910    .ARM.Collect$$rtentry$$0000000A  c_w.l(__rtentry2.o)
    0x080001c0   0x080001c0   0x00000000   Code   RO          912    .ARM.Collect$$rtentry$$0000000C  c_w.l(__rtentry2.o)
    0x080001c0   0x080001c0   0x00000008   Code   RO          913    .ARM.Collect$$rtentry$$0000000D  c_w.l(__rtentry2.o)
    0x080001c8   0x080001c8   0x00000002   Code   RO          955    .ARM.Collect$$rtexit$$00000000  c_w.l(rtexit.o)
    0x080001ca   0x080001ca   0x00000000   Code   RO         1005    .ARM.Collect$$rtexit$$00000002  c_w.l(rtexit2.o)
    0x080001ca   0x080001ca   0x00000004   Code   RO         1006    .ARM.Collect$$rtexit$$00000003  c_w.l(rtexit2.o)
    0x080001ce   0x080001ce   0x00000006   Code   RO         1007    .ARM.Collect$$rtexit$$00000004  c_w.l(rtexit2.o)
    0x080001d4   0x080001d4   0x000004f0   Code   RO            1    .text               main.o
    0x080006c4   0x080006c4   0x000000a4   Code   RO          163    .text               stm32f10x_it.o
    0x08000768   0x08000768   0x000001e0   Code   RO          207    .text               system_stm32f10x.o
    0x08000948   0x08000948   0x0000041c   Code   RO          229    .text               key.o
    0x08000d64   0x08000d64   0x00000358   Code   RO          253    .text               point2point.o
    0x080010bc   0x080010bc   0x00000390   Code   RO          274    .text               pid.o
    0x0800144c   0x0800144c   0x000000f8   Code   RO          293    .text               can.o
    0x08001544   0x08001544   0x00005846   Code   RO          374    .text               lcd.o
    0x08006d8a   0x08006d8a   0x00000002   PAD
    0x08006d8c   0x08006d8c   0x0000139c   Code   RO          397    .text               move_base.o
    0x08008128   0x08008128   0x000005dc   Code   RO          427    .text               timer.o
    0x08008704   0x08008704   0x00000144   Code   RO          453    .text               can_receive.o
    0x08008848   0x08008848   0x00000054   Code   RO          468    .text               led.o
    0x0800889c   0x0800889c   0x00000408   Code   RO          480    .text               ps2.o
    0x08008ca4   0x08008ca4   0x000000d4   Code   RO          499    .text               delay.o
    0x08008d78   0x08008d78   0x00000140   Code   RO          530    .text               usart.o
    0x08008eb8   0x08008eb8   0x00000040   Code   RO          566    .text               startup_stm32f10x_hd.o
    0x08008ef8   0x08008ef8   0x0000035c   Code   RO          570    .text               stm32f10x_gpio.o
    0x08009254   0x08009254   0x000003a4   Code   RO          582    .text               stm32f10x_rcc.o
    0x080095f8   0x080095f8   0x00000408   Code   RO          596    .text               stm32f10x_usart.o
    0x08009a00   0x08009a00   0x000000dc   Code   RO          608    .text               misc.o
    0x08009adc   0x08009adc   0x000009f0   Code   RO          620    .text               stm32f10x_can.o
    0x0800a4cc   0x0800a4cc   0x00000e1a   Code   RO          632    .text               stm32f10x_tim.o
    0x0800b2e6   0x0800b2e6   0x00000002   Code   RO          658    .text               c_w.l(use_no_semi_2.o)
    0x0800b2e8   0x0800b2e8   0x00000018   Code   RO          662    .text               c_w.l(noretval__2printf.o)
    0x0800b300   0x0800b300   0x00000068   Code   RO          664    .text               c_w.l(__printf.o)
    0x0800b368   0x0800b368   0x00000058   Code   RO          669    .text               c_w.l(_printf_hex_int.o)
    0x0800b3c0   0x0800b3c0   0x00000006   Code   RO          709    .text               c_w.l(heapauxi.o)
    0x0800b3c6   0x0800b3c6   0x00000002   Code   RO          831    .text               c_w.l(use_no_semi.o)
    0x0800b3c8   0x0800b3c8   0x00000016   Code   RO          834    .text               c_w.l(_rserrno.o)
    0x0800b3de   0x0800b3de   0x000000b2   Code   RO          836    .text               c_w.l(_printf_intcommon.o)
    0x0800b490   0x0800b490   0x00000024   Code   RO          838    .text               c_w.l(_printf_char_file.o)
    0x0800b4b4   0x0800b4b4   0x00000008   Code   RO          924    .text               c_w.l(rt_errno_addr_intlibspace.o)
    0x0800b4bc   0x0800b4bc   0x00000030   Code   RO          926    .text               c_w.l(_printf_char_common.o)
    0x0800b4ec   0x0800b4ec   0x00000008   Code   RO          928    .text               c_w.l(ferror.o)
    0x0800b4f4   0x0800b4f4   0x00000008   Code   RO          936    .text               c_w.l(libspace.o)
    0x0800b4fc   0x0800b4fc   0x0000004a   Code   RO          939    .text               c_w.l(sys_stackheap_outer.o)
    0x0800b546   0x0800b546   0x00000012   Code   RO          943    .text               c_w.l(exit.o)
    0x0800b558   0x0800b558   0x00000028   Code   RO          874    i.__ARM_fpclassify  m_ws.l(fpclassify.o)
    0x0800b580   0x0800b580   0x00000026   Code   RO          876    i.__ARM_fpclassifyf  m_ws.l(fpclassifyf.o)
    0x0800b5a6   0x0800b5a6   0x00000002   PAD
    0x0800b5a8   0x0800b5a8   0x00000388   Code   RO          895    i.__ieee754_rem_pio2  m_ws.l(rred.o)
    0x0800b930   0x0800b930   0x000000aa   Code   RO          892    i.__kernel_poly     m_ws.l(poly.o)
    0x0800b9da   0x0800b9da   0x00000002   PAD
    0x0800b9dc   0x0800b9dc   0x0000027c   Code   RO          900    i.__kernel_tan      m_ws.l(tan_i.o)
    0x0800bc58   0x0800bc58   0x00000010   Code   RO          860    i.__mathlib_dbl_divzero  m_ws.l(dunder.o)
    0x0800bc68   0x0800bc68   0x00000006   Code   RO          861    i.__mathlib_dbl_infnan  m_ws.l(dunder.o)
    0x0800bc6e   0x0800bc6e   0x00000004   Code   RO          862    i.__mathlib_dbl_infnan2  m_ws.l(dunder.o)
    0x0800bc72   0x0800bc72   0x0000000c   Code   RO          863    i.__mathlib_dbl_invalid  m_ws.l(dunder.o)
    0x0800bc7e   0x0800bc7e   0x0000000e   Code   RO          864    i.__mathlib_dbl_overflow  m_ws.l(dunder.o)
    0x0800bc8c   0x0800bc8c   0x00000010   Code   RO          866    i.__mathlib_dbl_underflow  m_ws.l(dunder.o)
    0x0800bc9c   0x0800bc9c   0x00000004   Code   RO          880    i.__mathlib_flt_infnan2  m_ws.l(funder.o)
    0x0800bca0   0x0800bca0   0x0000000a   Code   RO          884    i.__mathlib_flt_underflow  m_ws.l(funder.o)
    0x0800bcaa   0x0800bcaa   0x00000002   PAD
    0x0800bcac   0x0800bcac   0x00000220   Code   RO          780    i.atan              m_ws.l(atan.o)
    0x0800becc   0x0800becc   0x0000025c   Code   RO          790    i.atan2f            m_ws.l(atan2f.o)
    0x0800c128   0x0800c128   0x000009d8   Code   RO          798    i.pow               m_ws.l(pow.o)
    0x0800cb00   0x0800cb00   0x0000004c   Code   RO          808    i.sqrt              m_ws.l(sqrt.o)
    0x0800cb4c   0x0800cb4c   0x0000002c   Code   RO          816    i.sqrtf             m_ws.l(sqrtf.o)
    0x0800cb78   0x0800cb78   0x00000064   Code   RO          824    i.tan               m_ws.l(tan.o)
    0x0800cbdc   0x0800cbdc   0x00000062   Code   RO          713    x$fpl$d2f           fz_ws.l(d2f.o)
    0x0800cc3e   0x0800cc3e   0x00000002   PAD
    0x0800cc40   0x0800cc40   0x00000150   Code   RO          715    x$fpl$dadd          fz_ws.l(daddsub_clz.o)
    0x0800cd90   0x0800cd90   0x00000010   Code   RO          932    x$fpl$dcheck1       fz_ws.l(dcheck1.o)
    0x0800cda0   0x0800cda0   0x00000018   Code   RO          841    x$fpl$dcmpinf       fz_ws.l(dcmpi.o)
    0x0800cdb8   0x0800cdb8   0x000002b0   Code   RO          722    x$fpl$ddiv          fz_ws.l(ddiv.o)
    0x0800d068   0x0800d068   0x0000005e   Code   RO          725    x$fpl$dfix          fz_ws.l(dfix.o)
    0x0800d0c6   0x0800d0c6   0x00000002   PAD
    0x0800d0c8   0x0800d0c8   0x0000005a   Code   RO          729    x$fpl$dfixu         fz_ws.l(dfixu.o)
    0x0800d122   0x0800d122   0x0000002e   Code   RO          734    x$fpl$dflt          fz_ws.l(dflt_clz.o)
    0x0800d150   0x0800d150   0x00000026   Code   RO          733    x$fpl$dfltu         fz_ws.l(dflt_clz.o)
    0x0800d176   0x0800d176   0x00000002   PAD
    0x0800d178   0x0800d178   0x00000078   Code   RO          739    x$fpl$dleqf         fz_ws.l(dleqf.o)
    0x0800d1f0   0x0800d1f0   0x00000154   Code   RO          741    x$fpl$dmul          fz_ws.l(dmul.o)
    0x0800d344   0x0800d344   0x0000009c   Code   RO          843    x$fpl$dnaninf       fz_ws.l(dnaninf.o)
    0x0800d3e0   0x0800d3e0   0x0000000c   Code   RO          845    x$fpl$dretinf       fz_ws.l(dretinf.o)
    0x0800d3ec   0x0800d3ec   0x0000006c   Code   RO          743    x$fpl$drleqf        fz_ws.l(drleqf.o)
    0x0800d458   0x0800d458   0x00000016   Code   RO          716    x$fpl$drsb          fz_ws.l(daddsub_clz.o)
    0x0800d46e   0x0800d46e   0x00000002   PAD
    0x0800d470   0x0800d470   0x000001cc   Code   RO          847    x$fpl$dsqrt         fz_ws.l(dsqrt_noumaal.o)
    0x0800d63c   0x0800d63c   0x000001d4   Code   RO          717    x$fpl$dsub          fz_ws.l(daddsub_clz.o)
    0x0800d810   0x0800d810   0x00000056   Code   RO          745    x$fpl$f2d           fz_ws.l(f2d.o)
    0x0800d866   0x0800d866   0x00000002   PAD
    0x0800d868   0x0800d868   0x000000c4   Code   RO          747    x$fpl$fadd          fz_ws.l(faddsub_clz.o)
    0x0800d92c   0x0800d92c   0x0000000c   Code   RO          951    x$fpl$fcheck1       fz_ws.l(fcheck1.o)
    0x0800d938   0x0800d938   0x00000018   Code   RO          849    x$fpl$fcmpinf       fz_ws.l(fcmpi.o)
    0x0800d950   0x0800d950   0x00000184   Code   RO          754    x$fpl$fdiv          fz_ws.l(fdiv.o)
    0x0800dad4   0x0800dad4   0x00000068   Code   RO          757    x$fpl$feqf          fz_ws.l(feqf.o)
    0x0800db3c   0x0800db3c   0x00000036   Code   RO          759    x$fpl$ffix          fz_ws.l(ffix.o)
    0x0800db72   0x0800db72   0x00000002   PAD
    0x0800db74   0x0800db74   0x0000003e   Code   RO          763    x$fpl$ffixu         fz_ws.l(ffixu.o)
    0x0800dbb2   0x0800dbb2   0x00000002   PAD
    0x0800dbb4   0x0800dbb4   0x00000030   Code   RO          768    x$fpl$fflt          fz_ws.l(fflt_clz.o)
    0x0800dbe4   0x0800dbe4   0x00000026   Code   RO          767    x$fpl$ffltu         fz_ws.l(fflt_clz.o)
    0x0800dc0a   0x0800dc0a   0x00000002   PAD
    0x0800dc0c   0x0800dc0c   0x00000068   Code   RO          773    x$fpl$fleqf         fz_ws.l(fleqf.o)
    0x0800dc74   0x0800dc74   0x00000102   Code   RO          775    x$fpl$fmul          fz_ws.l(fmul.o)
    0x0800dd76   0x0800dd76   0x0000008c   Code   RO          851    x$fpl$fnaninf       fz_ws.l(fnaninf.o)
    0x0800de02   0x0800de02   0x0000000a   Code   RO          853    x$fpl$fretinf       fz_ws.l(fretinf.o)
    0x0800de0c   0x0800de0c   0x00000062   Code   RO          777    x$fpl$frleqf        fz_ws.l(frleqf.o)
    0x0800de6e   0x0800de6e   0x00000014   Code   RO          748    x$fpl$frsb          fz_ws.l(faddsub_clz.o)
    0x0800de82   0x0800de82   0x00000002   PAD
    0x0800de84   0x0800de84   0x00000110   Code   RO          855    x$fpl$fsqrt         fz_ws.l(fsqrt.o)
    0x0800df94   0x0800df94   0x000000ea   Code   RO          749    x$fpl$fsub          fz_ws.l(faddsub_clz.o)
    0x0800e07e   0x0800e07e   0x00000064   Code   RO          953    x$fpl$retnan        fz_ws.l(retnan.o)
    0x0800e0e2   0x0800e0e2   0x0000005c   Code   RO          857    x$fpl$scalbn        fz_ws.l(scalbn.o)
    0x0800e13e   0x0800e13e   0x0000004c   Code   RO          934    x$fpl$scalbnf       fz_ws.l(scalbnf.o)
    0x0800e18a   0x0800e18a   0x00000030   Code   RO         1002    x$fpl$trapveneer    fz_ws.l(trapv.o)
    0x0800e1ba   0x0800e1ba   0x00000000   Code   RO          859    x$fpl$usenofp       fz_ws.l(usenofp.o)
    0x0800e1ba   0x0800e1ba   0x000017c0   Data   RO          376    .constdata          lcd.o
    0x0800f97a   0x0800f97a   0x00000002   PAD
    0x0800f97c   0x0800f97c   0x00000018   Data   RO          429    .constdata          timer.o
    0x0800f994   0x0800f994   0x00000028   Data   RO          670    .constdata          c_w.l(_printf_hex_int.o)
    0x0800f9bc   0x0800f9bc   0x00000004   PAD
    0x0800f9c0   0x0800f9c0   0x00000098   Data   RO          781    .constdata          m_ws.l(atan.o)
    0x0800fa58   0x0800fa58   0x00000088   Data   RO          799    .constdata          m_ws.l(pow.o)
    0x0800fae0   0x0800fae0   0x00000008   Data   RO          894    .constdata          m_ws.l(qnan.o)
    0x0800fae8   0x0800fae8   0x000000c8   Data   RO          897    .constdata          m_ws.l(rred.o)
    0x0800fbb0   0x0800fbb0   0x00000060   Data   RO          901    .constdata          m_ws.l(tan_i.o)
    0x0800fc10   0x0800fc10   0x00000020   Data   RO         1077    Region$$Table       anon$$obj.o


    Execution Region RW_IRAM1 (Exec base: 0x20000000, Load base: 0x0800fc30, Size: 0x00000b30, Max: 0x0000c000, ABSOLUTE)

    Exec Addr    Load Addr    Size         Type   Attr      Idx    E Section Name        Object

    0x20000000   0x0800fc30   0x00000029   Data   RW            2    .data               main.o
    0x20000029   0x0800fc59   0x00000003   PAD
    0x2000002c   0x0800fc5c   0x00000008   Data   RW          164    .data               stm32f10x_it.o
    0x20000034   0x0800fc64   0x00000014   Data   RW          208    .data               system_stm32f10x.o
    0x20000048   0x0800fc78   0x00000032   Data   RW          231    .data               key.o
    0x2000007a   0x0800fcaa   0x00000002   PAD
    0x2000007c   0x0800fcac   0x0000000c   Data   RW          254    .data               point2point.o
    0x20000088   0x0800fcb8   0x00000004   Data   RW          377    .data               lcd.o
    0x2000008c   0x0800fcbc   0x00000025   Data   RW          399    .data               move_base.o
    0x200000b1   0x0800fce1   0x00000003   PAD
    0x200000b4   0x0800fce4   0x00000014   Data   RW          430    .data               timer.o
    0x200000c8   0x0800fcf8   0x00000001   Data   RW          455    .data               can_receive.o
    0x200000c9   0x0800fcf9   0x00000001   PAD
    0x200000ca   0x0800fcfa   0x00000024   Data   RW          482    .data               ps2.o
    0x200000ee   0x0800fd1e   0x00000004   Data   RW          500    .data               delay.o
    0x200000f2   0x0800fd22   0x00000002   PAD
    0x200000f4   0x0800fd24   0x00000006   Data   RW          532    .data               usart.o
    0x200000fa   0x0800fd2a   0x00000014   Data   RW          583    .data               stm32f10x_rcc.o
    0x2000010e   0x0800fd3e   0x00000002   PAD
    0x20000110        -       0x000000e4   Zero   RW          230    .bss                key.o
    0x200001f4        -       0x0000000e   Zero   RW          375    .bss                lcd.o
    0x20000202   0x0800fd3e   0x00000002   PAD
    0x20000204        -       0x00000114   Zero   RW          398    .bss                move_base.o
    0x20000318        -       0x000000b8   Zero   RW          428    .bss                timer.o
    0x200003d0        -       0x00000028   Zero   RW          454    .bss                can_receive.o
    0x200003f8        -       0x00000009   Zero   RW          481    .bss                ps2.o
    0x20000401        -       0x000000c8   Zero   RW          531    .bss                usart.o
    0x200004c9   0x0800fd3e   0x00000003   PAD
    0x200004cc        -       0x00000060   Zero   RW          937    .bss                c_w.l(libspace.o)
    0x2000052c   0x0800fd3e   0x00000004   PAD
    0x20000530        -       0x00000200   Zero   RW          564    HEAP                startup_stm32f10x_hd.o
    0x20000730        -       0x00000400   Zero   RW          563    STACK               startup_stm32f10x_hd.o


==============================================================================

Image component sizes


      Code (inc. data)   RO Data    RW Data    ZI Data      Debug   Object Name

       248         10          0          0          0     223691   can.o
       324         18          0          1         40       2385   can_receive.o
       212         18          0          4          0       1091   delay.o
      1052         88          0         50        228       4979   key.o
     22598        208       6080          4         14      25131   lcd.o
        84         10          0          0          0        519   led.o
      1264        130          0         41          0     264509   main.o
       220         22          0          0          0       1849   misc.o
      5020        464          0         37        276       8661   move_base.o
       912          8          0          0          0       3055   pid.o
       856         42          0         12          0       3507   point2point.o
      1032         28          0         36          9       3815   ps2.o
        64         26        304          0       1536        808   startup_stm32f10x_hd.o
      2544         38          0          0          0       8076   stm32f10x_can.o
       860         38          0          0          0       5781   stm32f10x_gpio.o
       164         20          0          8          0     220605   stm32f10x_it.o
       932         36          0         20          0       8980   stm32f10x_rcc.o
      3610         88          0          0          0      22888   stm32f10x_tim.o
      1032         22          0          0          0       8504   stm32f10x_usart.o
         0          0          0          0          0         32   sys.o
       480         38          0         20          0       1811   system_stm32f10x.o
      1500         74         24         20        184       6511   timer.o
       320         16          0          6        200       3242   usart.o

    ----------------------------------------------------------------------
     45330       1442       6442        272       2492     830430   Object Totals
         0          0         32          0          0          0   (incl. Generated)
         2          0          2         13          5          0   (incl. Padding)

    ----------------------------------------------------------------------

      Code (inc. data)   RO Data    RW Data    ZI Data      Debug   Library Member Name

         8          0          0          0          0         68   __main.o
       104          0          0          0          0         84   __printf.o
         0          0          0          0          0          0   __rtentry.o
        12          0          0          0          0          0   __rtentry2.o
         6          0          0          0          0          0   __rtentry4.o
        52          8          0          0          0          0   __scatter.o
        26          0          0          0          0          0   __scatter_copy.o
        28          0          0          0          0          0   __scatter_zi.o
        48          6          0          0          0         96   _printf_char_common.o
        36          4          0          0          0         80   _printf_char_file.o
        88          4         40          0          0         88   _printf_hex_int.o
       178          0          0          0          0         88   _printf_intcommon.o
         0          0          0          0          0          0   _printf_percent.o
         4          0          0          0          0          0   _printf_percent_end.o
         6          0          0          0          0          0   _printf_x.o
        22          0          0          0          0        100   _rserrno.o
        18          0          0          0          0         80   exit.o
         8          0          0          0          0         68   ferror.o
         6          0          0          0          0        152   heapauxi.o
         2          0          0          0          0          0   libinit.o
         2          0          0          0          0          0   libinit2.o
         2          0          0          0          0          0   libshutdown.o
         2          0          0          0          0          0   libshutdown2.o
         8          4          0          0         96         68   libspace.o
        24          4          0          0          0         84   noretval__2printf.o
         8          4          0          0          0         68   rt_errno_addr_intlibspace.o
         2          0          0          0          0          0   rtexit.o
        10          0          0          0          0          0   rtexit2.o
        74          0          0          0          0         80   sys_stackheap_outer.o
         2          0          0          0          0         68   use_no_semi.o
         2          0          0          0          0         68   use_no_semi_2.o
        98          4          0          0          0         92   d2f.o
       826         16          0          0          0        348   daddsub_clz.o
        16          4          0          0          0         68   dcheck1.o
        24          0          0          0          0         68   dcmpi.o
       688        140          0          0          0        208   ddiv.o
        94          4          0          0          0         92   dfix.o
        90          4          0          0          0         92   dfixu.o
        84          0          0          0          0        136   dflt_clz.o
       120          4          0          0          0         92   dleqf.o
       340         12          0          0          0        104   dmul.o
       156          4          0          0          0         92   dnaninf.o
        12          0          0          0          0         68   dretinf.o
       108          0          0          0          0         80   drleqf.o
       460         56          0          0          0        120   dsqrt_noumaal.o
        86          4          0          0          0         84   f2d.o
       450          8          0          0          0        236   faddsub_clz.o
        12          4          0          0          0         68   fcheck1.o
        24          0          0          0          0         68   fcmpi.o
       388         76          0          0          0         96   fdiv.o
       104          4          0          0          0         84   feqf.o
        54          4          0          0          0         84   ffix.o
        62          4          0          0          0         84   ffixu.o
        86          0          0          0          0        136   fflt_clz.o
       104          4          0          0          0         84   fleqf.o
       258          4          0          0          0         84   fmul.o
       140          4          0          0          0         84   fnaninf.o
        10          0          0          0          0         68   fretinf.o
        98          0          0          0          0         68   frleqf.o
       272        100          0          0          0         88   fsqrt.o
       100          0          0          0          0         68   retnan.o
        92          0          0          0          0         68   scalbn.o
        76          0          0          0          0         68   scalbnf.o
        48          0          0          0          0         68   trapv.o
         0          0          0          0          0          0   usenofp.o
       544         70        152          0          0        124   atan.o
       604         76          0          0          0        116   atan2f.o
        68         10          0          0          0        408   dunder.o
        40          0          0          0          0         68   fpclassify.o
        38          0          0          0          0         68   fpclassifyf.o
        14          0          0          0          0        136   funder.o
       170          0          0          0          0         96   poly.o
      2520        190        136          0          0        324   pow.o
         0          0          8          0          0          0   qnan.o
       904         76        200          0          0        140   rred.o
        76          0          0          0          0         84   sqrt.o
        44          0          0          0          0         80   sqrtf.o
       100         10          0          0          0         96   tan.o
       636         50         96          0          0        168   tan_i.o

    ----------------------------------------------------------------------
     12152        980        636          0        100       6596   Library Totals
        26          0          4          0          4          0   (incl. Padding)

    ----------------------------------------------------------------------

      Code (inc. data)   RO Data    RW Data    ZI Data      Debug   Library Name

       788         34         40          0         96       1340   c_w.l
      5580        464          0          0          0       3348   fz_ws.l
      5758        482        592          0          0       1908   m_ws.l

    ----------------------------------------------------------------------
     12152        980        636          0        100       6596   Library Totals

    ----------------------------------------------------------------------

==============================================================================


      Code (inc. data)   RO Data    RW Data    ZI Data      Debug   

     57482       2422       7078        272       2592     831302   Grand Totals
     57482       2422       7078        272       2592     831302   ELF Image Totals
     57482       2422       7078        272          0          0   ROM Totals

==============================================================================

    Total RO  Size (Code + RO Data)                64560 (  63.05kB)
    Total RW  Size (RW Data + ZI Data)              2864 (   2.80kB)
    Total ROM Size (Code + RO Data + RW Data)      64832 (  63.31kB)

==============================================================================

